Archive member included to satisfy reference by file (symbol)

c:/program files (x86)/atmel/studio/7.0/toolchain/avr8/avr8-gnu-toolchain/bin/../lib/gcc/avr/5.4.0/../../../../avr/lib/avr5\libm.a(addsf3.o)
                              HAL/LCD/LCD_Program.o (__subsf3)
c:/program files (x86)/atmel/studio/7.0/toolchain/avr8/avr8-gnu-toolchain/bin/../lib/gcc/avr/5.4.0/../../../../avr/lib/avr5\libm.a(addsf3x.o)
                              c:/program files (x86)/atmel/studio/7.0/toolchain/avr8/avr8-gnu-toolchain/bin/../lib/gcc/avr/5.4.0/../../../../avr/lib/avr5\libm.a(addsf3.o) (__addsf3x)
c:/program files (x86)/atmel/studio/7.0/toolchain/avr8/avr8-gnu-toolchain/bin/../lib/gcc/avr/5.4.0/../../../../avr/lib/avr5\libm.a(cmpsf2.o)
                              APP/PWM_Oscilloscope/PWMScope_Program.o (__nesf2)
c:/program files (x86)/atmel/studio/7.0/toolchain/avr8/avr8-gnu-toolchain/bin/../lib/gcc/avr/5.4.0/../../../../avr/lib/avr5\libm.a(divsf3.o)
                              HAL/ICU/ICU_Program.o (__divsf3)
c:/program files (x86)/atmel/studio/7.0/toolchain/avr8/avr8-gnu-toolchain/bin/../lib/gcc/avr/5.4.0/../../../../avr/lib/avr5\libm.a(divsf3x.o)
                              c:/program files (x86)/atmel/studio/7.0/toolchain/avr8/avr8-gnu-toolchain/bin/../lib/gcc/avr/5.4.0/../../../../avr/lib/avr5\libm.a(divsf3.o) (__divsf3x)
c:/program files (x86)/atmel/studio/7.0/toolchain/avr8/avr8-gnu-toolchain/bin/../lib/gcc/avr/5.4.0/../../../../avr/lib/avr5\libm.a(fixunssfsi.o)
                              HAL/LCD/LCD_Program.o (__fixunssfsi)
c:/program files (x86)/atmel/studio/7.0/toolchain/avr8/avr8-gnu-toolchain/bin/../lib/gcc/avr/5.4.0/../../../../avr/lib/avr5\libm.a(floatsisf.o)
                              HAL/ICU/ICU_Program.o (__floatunsisf)
c:/program files (x86)/atmel/studio/7.0/toolchain/avr8/avr8-gnu-toolchain/bin/../lib/gcc/avr/5.4.0/../../../../avr/lib/avr5\libm.a(fp_cmp.o)
                              c:/program files (x86)/atmel/studio/7.0/toolchain/avr8/avr8-gnu-toolchain/bin/../lib/gcc/avr/5.4.0/../../../../avr/lib/avr5\libm.a(cmpsf2.o) (__fp_cmp)
c:/program files (x86)/atmel/studio/7.0/toolchain/avr8/avr8-gnu-toolchain/bin/../lib/gcc/avr/5.4.0/../../../../avr/lib/avr5\libm.a(fp_inf.o)
                              c:/program files (x86)/atmel/studio/7.0/toolchain/avr8/avr8-gnu-toolchain/bin/../lib/gcc/avr/5.4.0/../../../../avr/lib/avr5\libm.a(addsf3x.o) (__fp_inf)
c:/program files (x86)/atmel/studio/7.0/toolchain/avr8/avr8-gnu-toolchain/bin/../lib/gcc/avr/5.4.0/../../../../avr/lib/avr5\libm.a(fp_nan.o)
                              c:/program files (x86)/atmel/studio/7.0/toolchain/avr8/avr8-gnu-toolchain/bin/../lib/gcc/avr/5.4.0/../../../../avr/lib/avr5\libm.a(addsf3x.o) (__fp_nan)
c:/program files (x86)/atmel/studio/7.0/toolchain/avr8/avr8-gnu-toolchain/bin/../lib/gcc/avr/5.4.0/../../../../avr/lib/avr5\libm.a(fp_pscA.o)
                              c:/program files (x86)/atmel/studio/7.0/toolchain/avr8/avr8-gnu-toolchain/bin/../lib/gcc/avr/5.4.0/../../../../avr/lib/avr5\libm.a(addsf3x.o) (__fp_pscA)
c:/program files (x86)/atmel/studio/7.0/toolchain/avr8/avr8-gnu-toolchain/bin/../lib/gcc/avr/5.4.0/../../../../avr/lib/avr5\libm.a(fp_pscB.o)
                              c:/program files (x86)/atmel/studio/7.0/toolchain/avr8/avr8-gnu-toolchain/bin/../lib/gcc/avr/5.4.0/../../../../avr/lib/avr5\libm.a(addsf3x.o) (__fp_pscB)
c:/program files (x86)/atmel/studio/7.0/toolchain/avr8/avr8-gnu-toolchain/bin/../lib/gcc/avr/5.4.0/../../../../avr/lib/avr5\libm.a(fp_round.o)
                              c:/program files (x86)/atmel/studio/7.0/toolchain/avr8/avr8-gnu-toolchain/bin/../lib/gcc/avr/5.4.0/../../../../avr/lib/avr5\libm.a(addsf3.o) (__fp_round)
c:/program files (x86)/atmel/studio/7.0/toolchain/avr8/avr8-gnu-toolchain/bin/../lib/gcc/avr/5.4.0/../../../../avr/lib/avr5\libm.a(fp_split3.o)
                              c:/program files (x86)/atmel/studio/7.0/toolchain/avr8/avr8-gnu-toolchain/bin/../lib/gcc/avr/5.4.0/../../../../avr/lib/avr5\libm.a(addsf3x.o) (__fp_split3)
c:/program files (x86)/atmel/studio/7.0/toolchain/avr8/avr8-gnu-toolchain/bin/../lib/gcc/avr/5.4.0/../../../../avr/lib/avr5\libm.a(fp_zero.o)
                              c:/program files (x86)/atmel/studio/7.0/toolchain/avr8/avr8-gnu-toolchain/bin/../lib/gcc/avr/5.4.0/../../../../avr/lib/avr5\libm.a(addsf3x.o) (__fp_zero)
c:/program files (x86)/atmel/studio/7.0/toolchain/avr8/avr8-gnu-toolchain/bin/../lib/gcc/avr/5.4.0/../../../../avr/lib/avr5\libm.a(gesf2.o)
                              MCAL/Timer/Timer_Program.o (__gesf2)
c:/program files (x86)/atmel/studio/7.0/toolchain/avr8/avr8-gnu-toolchain/bin/../lib/gcc/avr/5.4.0/../../../../avr/lib/avr5\libm.a(mulsf3.o)
                              HAL/ICU/ICU_Program.o (__mulsf3)
c:/program files (x86)/atmel/studio/7.0/toolchain/avr8/avr8-gnu-toolchain/bin/../lib/gcc/avr/5.4.0/../../../../avr/lib/avr5\libm.a(mulsf3x.o)
                              c:/program files (x86)/atmel/studio/7.0/toolchain/avr8/avr8-gnu-toolchain/bin/../lib/gcc/avr/5.4.0/../../../../avr/lib/avr5\libm.a(mulsf3.o) (__mulsf3x)
c:/program files (x86)/atmel/studio/7.0/toolchain/avr8/avr8-gnu-toolchain/bin/../lib/gcc/avr/5.4.0/avr5\libgcc.a(_udivmodsi4.o)
                              HAL/LCD/LCD_Program.o (__udivmodsi4)
c:/program files (x86)/atmel/studio/7.0/toolchain/avr8/avr8-gnu-toolchain/bin/../lib/gcc/avr/5.4.0/avr5\libgcc.a(_divmodsi4.o)
                              HAL/LCD/LCD_Program.o (__divmodsi4)
c:/program files (x86)/atmel/studio/7.0/toolchain/avr8/avr8-gnu-toolchain/bin/../lib/gcc/avr/5.4.0/avr5\libgcc.a(_negsi2.o)
                              c:/program files (x86)/atmel/studio/7.0/toolchain/avr8/avr8-gnu-toolchain/bin/../lib/gcc/avr/5.4.0/avr5\libgcc.a(_divmodsi4.o) (__negsi2)
c:/program files (x86)/atmel/studio/7.0/toolchain/avr8/avr8-gnu-toolchain/bin/../lib/gcc/avr/5.4.0/avr5\libgcc.a(_exit.o)
                              C:/Program Files (x86)/Atmel/Studio/7.0/Packs/atmel/ATmega_DFP/1.7.374/gcc/dev/atmega32/avr5/crtatmega32.o (exit)
c:/program files (x86)/atmel/studio/7.0/toolchain/avr8/avr8-gnu-toolchain/bin/../lib/gcc/avr/5.4.0/avr5\libgcc.a(_tablejump2.o)
                              HAL/LCD/LCD_Program.o (__tablejump2__)
c:/program files (x86)/atmel/studio/7.0/toolchain/avr8/avr8-gnu-toolchain/bin/../lib/gcc/avr/5.4.0/avr5\libgcc.a(_copy_data.o)
                              APP/PWM_Oscilloscope/PWMScope_Program.o (__do_copy_data)
c:/program files (x86)/atmel/studio/7.0/toolchain/avr8/avr8-gnu-toolchain/bin/../lib/gcc/avr/5.4.0/avr5\libgcc.a(_clear_bss.o)
                              APP/PWM_Oscilloscope/PWMScope_Program.o (__do_clear_bss)
c:/program files (x86)/atmel/studio/7.0/toolchain/avr8/avr8-gnu-toolchain/bin/../lib/gcc/avr/5.4.0/avr5\libgcc.a(_muluhisi3.o)
                              HAL/ICU/ICU_Program.o (__muluhisi3)
c:/program files (x86)/atmel/studio/7.0/toolchain/avr8/avr8-gnu-toolchain/bin/../lib/gcc/avr/5.4.0/avr5\libgcc.a(_umulhisi3.o)
                              c:/program files (x86)/atmel/studio/7.0/toolchain/avr8/avr8-gnu-toolchain/bin/../lib/gcc/avr/5.4.0/avr5\libgcc.a(_muluhisi3.o) (__umulhisi3)

Allocating common symbols
Common symbol       size              file

TestVariable        0x2               HAL/ICU/ICU_Program.o

Discarded input sections

 .data          0x00000000        0x0 C:/Program Files (x86)/Atmel/Studio/7.0/Packs/atmel/ATmega_DFP/1.7.374/gcc/dev/atmega32/avr5/crtatmega32.o
 .bss           0x00000000        0x0 C:/Program Files (x86)/Atmel/Studio/7.0/Packs/atmel/ATmega_DFP/1.7.374/gcc/dev/atmega32/avr5/crtatmega32.o
 .text          0x00000000        0x0 APP/Main.o
 .data          0x00000000        0x0 APP/Main.o
 .bss           0x00000000        0x0 APP/Main.o
 .text          0x00000000        0x0 APP/PWM_Oscilloscope/PWMScope_Program.o
 .data          0x00000000        0x0 APP/PWM_Oscilloscope/PWMScope_Program.o
 .bss           0x00000000        0x0 APP/PWM_Oscilloscope/PWMScope_Program.o
 .text          0x00000000        0x0 HAL/ICU/ICU_Program.o
 .data          0x00000000        0x0 HAL/ICU/ICU_Program.o
 .bss           0x00000000        0x0 HAL/ICU/ICU_Program.o
 .text.ICU_enu_GetState
                0x00000000       0x10 HAL/ICU/ICU_Program.o
 COMMON         0x00000000        0x2 HAL/ICU/ICU_Program.o
 .text          0x00000000        0x0 HAL/LCD/LCD_Program.o
 .data          0x00000000        0x0 HAL/LCD/LCD_Program.o
 .bss           0x00000000        0x0 HAL/LCD/LCD_Program.o
 .text.enu_ReverseInteger
                0x00000000       0x94 HAL/LCD/LCD_Program.o
 .text.enu_ConvertFloatToInteger
                0x00000000       0x7a HAL/LCD/LCD_Program.o
 .text.enu_PassByteAndLatch
                0x00000000       0xda HAL/LCD/LCD_Program.o
 .text.enu_AddCustomCharacter
                0x00000000       0xa4 HAL/LCD/LCD_Program.o
 .progmem.gcc_sw_table.enu_AddCustomCharacter
                0x00000000       0x10 HAL/LCD/LCD_Program.o
 .text.LCD_enu_Initialization
                0x00000000       0xee HAL/LCD/LCD_Program.o
 .text.LCD_enu_SendCommand
                0x00000000       0x1a HAL/LCD/LCD_Program.o
 .text.LCD_enu_SendData
                0x00000000       0x1a HAL/LCD/LCD_Program.o
 .text.LCD_enu_GoToPosition
                0x00000000       0x6c HAL/LCD/LCD_Program.o
 .text.LCD_enu_SendString
                0x00000000       0x3a HAL/LCD/LCD_Program.o
 .text.LCD_enu_ClearPage
                0x00000000       0x80 HAL/LCD/LCD_Program.o
 .text.LCD_enu_DrawSpecialCharacter
                0x00000000      0x144 HAL/LCD/LCD_Program.o
 .text.LCD_enu_WriteIntegerNum
                0x00000000      0x172 HAL/LCD/LCD_Program.o
 .text.LCD_enu_WriteFloatNum
                0x00000000      0x248 HAL/LCD/LCD_Program.o
 .debug_info    0x00000000     0x1040 HAL/LCD/LCD_Program.o
 .debug_abbrev  0x00000000      0x22b HAL/LCD/LCD_Program.o
 .debug_loc     0x00000000     0x12d8 HAL/LCD/LCD_Program.o
 .debug_aranges
                0x00000000       0x80 HAL/LCD/LCD_Program.o
 .debug_ranges  0x00000000       0xa0 HAL/LCD/LCD_Program.o
 .debug_line    0x00000000      0x85a HAL/LCD/LCD_Program.o
 .debug_str     0x00000000      0x66b HAL/LCD/LCD_Program.o
 .comment       0x00000000       0x31 HAL/LCD/LCD_Program.o
 .debug_frame   0x00000000      0x258 HAL/LCD/LCD_Program.o
 .text          0x00000000        0x0 HAL/Nokia5110/Nokia5110_Config.o
 .data          0x00000000        0x0 HAL/Nokia5110/Nokia5110_Config.o
 .bss           0x00000000        0x0 HAL/Nokia5110/Nokia5110_Config.o
 .text          0x00000000        0x0 HAL/Nokia5110/Nokia5110_Program.o
 .data          0x00000000        0x0 HAL/Nokia5110/Nokia5110_Program.o
 .bss           0x00000000        0x0 HAL/Nokia5110/Nokia5110_Program.o
 .text.enu_ClearRAM
                0x00000000       0x4c HAL/Nokia5110/Nokia5110_Program.o
 .text.enu_ShiftPixel
                0x00000000       0xfa HAL/Nokia5110/Nokia5110_Program.o
 .text.enu_CopyPixelByShifting
                0x00000000       0xec HAL/Nokia5110/Nokia5110_Program.o
 .text.enu_CopyPixelByCooridnates
                0x00000000       0xac HAL/Nokia5110/Nokia5110_Program.o
 .text.enu_DrawLine
                0x00000000       0xec HAL/Nokia5110/Nokia5110_Program.o
 .text.NOKIA5110_enu_SendCommand
                0x00000000        0x6 HAL/Nokia5110/Nokia5110_Program.o
 .text.NOKIA5110_enu_SendData
                0x00000000        0x6 HAL/Nokia5110/Nokia5110_Program.o
 .text.NOKIA5110_enu_GotoXY
                0x00000000       0x5a HAL/Nokia5110/Nokia5110_Program.o
 .text.NOKIA5110_enu_SetAddressingMode
                0x00000000       0x14 HAL/Nokia5110/Nokia5110_Program.o
 .text.NOKIA5110_enu_SetInstructionSetsAccess
                0x00000000       0x14 HAL/Nokia5110/Nokia5110_Program.o
 .text.NOKIA5110_enu_SetDisplayMode
                0x00000000       0x14 HAL/Nokia5110/Nokia5110_Program.o
 .text.NOKIA5110_enu_Reset
                0x00000000       0x2a HAL/Nokia5110/Nokia5110_Program.o
 .text.NOKIA5110_enu_ClearScreen
                0x00000000        0x8 HAL/Nokia5110/Nokia5110_Program.o
 .text.NOKIA5110_enu_FillScreen
                0x00000000        0x8 HAL/Nokia5110/Nokia5110_Program.o
 .text.NOKIA5110_enu_DrawPixel
                0x00000000        0x6 HAL/Nokia5110/Nokia5110_Program.o
 .text.NOKIA5110_enu_DrawFillRectangle
                0x00000000       0x18 HAL/Nokia5110/Nokia5110_Program.o
 .text.NOKIA5110_enu_DrawPattern
                0x00000000        0x4 HAL/Nokia5110/Nokia5110_Program.o
 .text.NOKIA5110_enu_DrawLine
                0x00000000       0x92 HAL/Nokia5110/Nokia5110_Program.o
 .text.NOKIA5110_enu_ShiftPixel
                0x00000000        0xa HAL/Nokia5110/Nokia5110_Program.o
 .text.NOKIA5110_enu_CopyPixelByShifting
                0x00000000        0xa HAL/Nokia5110/Nokia5110_Program.o
 .text.NOKIA5110_enu_CopyPixelByCooridnates
                0x00000000        0x6 HAL/Nokia5110/Nokia5110_Program.o
 .text          0x00000000        0x0 LIB/General/General.o
 .data          0x00000000        0x0 LIB/General/General.o
 .bss           0x00000000        0x0 LIB/General/General.o
 .text.General_enu_AbsoluteIntegers
                0x00000000       0x32 LIB/General/General.o
 .debug_info    0x00000000      0x105 LIB/General/General.o
 .debug_abbrev  0x00000000       0x96 LIB/General/General.o
 .debug_loc     0x00000000       0x7d LIB/General/General.o
 .debug_aranges
                0x00000000       0x20 LIB/General/General.o
 .debug_ranges  0x00000000       0x10 LIB/General/General.o
 .debug_line    0x00000000       0x90 LIB/General/General.o
 .debug_str     0x00000000      0x249 LIB/General/General.o
 .comment       0x00000000       0x31 LIB/General/General.o
 .debug_frame   0x00000000       0x24 LIB/General/General.o
 .text          0x00000000        0x0 MCAL/DIO/DIO_Program.o
 .data          0x00000000        0x0 MCAL/DIO/DIO_Program.o
 .bss           0x00000000        0x0 MCAL/DIO/DIO_Program.o
 .text.DIO_enu_Initialization
                0x00000000        0x4 MCAL/DIO/DIO_Program.o
 .text.DIO_enu_TogglePinValue
                0x00000000       0x84 MCAL/DIO/DIO_Program.o
 .text.DIO_enu_GetPinValue
                0x00000000       0x8e MCAL/DIO/DIO_Program.o
 .text          0x00000000        0x0 MCAL/EXTI/EXTI_Config.o
 .data          0x00000000        0x0 MCAL/EXTI/EXTI_Config.o
 .bss           0x00000000        0x0 MCAL/EXTI/EXTI_Config.o
 .data.EXTI_astr_INTList
                0x00000000        0x3 MCAL/EXTI/EXTI_Config.o
 .data.EXTI_u8_INTCount
                0x00000000        0x1 MCAL/EXTI/EXTI_Config.o
 .debug_info    0x00000000       0xee MCAL/EXTI/EXTI_Config.o
 .debug_abbrev  0x00000000       0x74 MCAL/EXTI/EXTI_Config.o
 .debug_aranges
                0x00000000       0x18 MCAL/EXTI/EXTI_Config.o
 .debug_line    0x00000000       0x69 MCAL/EXTI/EXTI_Config.o
 .debug_str     0x00000000      0x214 MCAL/EXTI/EXTI_Config.o
 .comment       0x00000000       0x31 MCAL/EXTI/EXTI_Config.o
 .text          0x00000000        0x0 MCAL/EXTI/EXTI_Program.o
 .data          0x00000000        0x0 MCAL/EXTI/EXTI_Program.o
 .bss           0x00000000        0x0 MCAL/EXTI/EXTI_Program.o
 .text.enu_SetMode
                0x00000000       0x70 MCAL/EXTI/EXTI_Program.o
 .text.enu_SetSenseLevel
                0x00000000       0xaa MCAL/EXTI/EXTI_Program.o
 .text.enu_SetFlagValue
                0x00000000       0x70 MCAL/EXTI/EXTI_Program.o
 .text.EXTI_enu_Initialization
                0x00000000       0x40 MCAL/EXTI/EXTI_Program.o
 .text.EXTI_enu_ISC
                0x00000000        0x6 MCAL/EXTI/EXTI_Program.o
 .text.EXTI_enu_INTMode
                0x00000000        0x6 MCAL/EXTI/EXTI_Program.o
 .text.EXTI_enu_GetPIF
                0x00000000       0x4a MCAL/EXTI/EXTI_Program.o
 .text.EXTI_enu_ClearINTFx
                0x00000000        0x8 MCAL/EXTI/EXTI_Program.o
 .text.EXTI_enu_SetCallBack
                0x00000000       0x28 MCAL/EXTI/EXTI_Program.o
 .text          0x00000000        0x0 MCAL/SPI/SPI_Program.o
 .data          0x00000000        0x0 MCAL/SPI/SPI_Program.o
 .bss           0x00000000        0x0 MCAL/SPI/SPI_Program.o
 .text.SPI_enu_StartTranReceive
                0x00000000       0x20 MCAL/SPI/SPI_Program.o
 .text.SPI_enu_SlaveReceive
                0x00000000       0x12 MCAL/SPI/SPI_Program.o
 .text.SPI_enu_SetCommStateBusy
                0x00000000        0x8 MCAL/SPI/SPI_Program.o
 .text.SPI_enu_SetCallBack
                0x00000000       0x1c MCAL/SPI/SPI_Program.o
 .text.SPI_enu_SetDataOrderMode
                0x00000000       0x22 MCAL/SPI/SPI_Program.o
 .bss.LOC_pvid_ParametersOfISR
                0x00000000        0x2 MCAL/SPI/SPI_Program.o
 .bss.LOC_pfun_ISR
                0x00000000        0x2 MCAL/SPI/SPI_Program.o
 .text          0x00000000        0x0 MCAL/SREG/SREG_Program.o
 .data          0x00000000        0x0 MCAL/SREG/SREG_Program.o
 .bss           0x00000000        0x0 MCAL/SREG/SREG_Program.o
 .text.SREG_vid_ClearBitI
                0x00000000        0x4 MCAL/SREG/SREG_Program.o
 .text          0x00000000        0x0 MCAL/Timer1/Timer1_Program.o
 .data          0x00000000        0x0 MCAL/Timer1/Timer1_Program.o
 .bss           0x00000000        0x0 MCAL/Timer1/Timer1_Program.o
 .text.Timer1_enu_GetTCNT1
                0x00000000       0x2a MCAL/Timer1/Timer1_Program.o
 .text          0x00000000        0x0 MCAL/Timer/Timer_Config.o
 .data          0x00000000        0x0 MCAL/Timer/Timer_Config.o
 .bss           0x00000000        0x0 MCAL/Timer/Timer_Config.o
 .data.Timer_astr_TimerList
                0x00000000        0x5 MCAL/Timer/Timer_Config.o
 .data.Timer_u8_TimerCount
                0x00000000        0x1 MCAL/Timer/Timer_Config.o
 .debug_info    0x00000000      0x10a MCAL/Timer/Timer_Config.o
 .debug_abbrev  0x00000000       0x74 MCAL/Timer/Timer_Config.o
 .debug_aranges
                0x00000000       0x18 MCAL/Timer/Timer_Config.o
 .debug_line    0x00000000       0x6d MCAL/Timer/Timer_Config.o
 .debug_str     0x00000000      0x23f MCAL/Timer/Timer_Config.o
 .comment       0x00000000       0x31 MCAL/Timer/Timer_Config.o
 .text          0x00000000        0x0 MCAL/Timer/Timer_Program.o
 .data          0x00000000        0x0 MCAL/Timer/Timer_Program.o
 .bss           0x00000000        0x0 MCAL/Timer/Timer_Program.o
 .text.enu_SetTimerMode
                0x00000000       0xbc MCAL/Timer/Timer_Program.o
 .text.enu_SetClockSelection
                0x00000000      0x1b0 MCAL/Timer/Timer_Program.o
 .progmem.gcc_sw_table.enu_SetClockSelection
                0x00000000       0x24 MCAL/Timer/Timer_Program.o
 .text.enu_SetInterruptMode
                0x00000000       0x82 MCAL/Timer/Timer_Program.o
 .text.enu_SetOCxBehavior
                0x00000000       0xfe MCAL/Timer/Timer_Program.o
 .text.Timer_enu_Initialization
                0x00000000       0x9a MCAL/Timer/Timer_Program.o
 .text.Timer_enu_SetOCRxValue
                0x00000000       0x20 MCAL/Timer/Timer_Program.o
 .text.Timer_enu_SetTCNTxValue
                0x00000000       0x20 MCAL/Timer/Timer_Program.o
 .text.Timer_enu_ReadTCNTxValue
                0x00000000       0x3a MCAL/Timer/Timer_Program.o
 .text.Timer_enu_SetClock
                0x00000000        0x6 MCAL/Timer/Timer_Program.o
 .text.Timer_enu_SetDutyCycleForPWM
                0x00000000      0x1f0 MCAL/Timer/Timer_Program.o
 .text.Timer_enu_ForceCompareMatch
                0x00000000       0x28 MCAL/Timer/Timer_Program.o
 .text.Timer_enu_SetTimerMode
                0x00000000        0x6 MCAL/Timer/Timer_Program.o
 .text.Timer_enu_SetFOCx
                0x00000000       0x28 MCAL/Timer/Timer_Program.o
 .text.Timer_enu_TimeDelay
                0x00000000        0x4 MCAL/Timer/Timer_Program.o
 .text.Timer_enu_SetCallBack
                0x00000000       0x86 MCAL/Timer/Timer_Program.o
 .text.Timer_enu_GetPSUsed
                0x00000000       0x82 MCAL/Timer/Timer_Program.o
 .text.Timer_enu_GetTovx
                0x00000000       0x14 MCAL/Timer/Timer_Program.o
 .text.Timer_enu_SetTovx
                0x00000000       0x12 MCAL/Timer/Timer_Program.o
 .text.Timer_enu_EnableInterruptMode
                0x00000000        0x8 MCAL/Timer/Timer_Program.o
 .text.Timer_enu_DisableInterruptMode
                0x00000000        0x8 MCAL/Timer/Timer_Program.o
 .text          0x00000000        0x0 c:/program files (x86)/atmel/studio/7.0/toolchain/avr8/avr8-gnu-toolchain/bin/../lib/gcc/avr/5.4.0/../../../../avr/lib/avr5\libm.a(addsf3.o)
 .data          0x00000000        0x0 c:/program files (x86)/atmel/studio/7.0/toolchain/avr8/avr8-gnu-toolchain/bin/../lib/gcc/avr/5.4.0/../../../../avr/lib/avr5\libm.a(addsf3.o)
 .bss           0x00000000        0x0 c:/program files (x86)/atmel/studio/7.0/toolchain/avr8/avr8-gnu-toolchain/bin/../lib/gcc/avr/5.4.0/../../../../avr/lib/avr5\libm.a(addsf3.o)
 .text          0x00000000        0x0 c:/program files (x86)/atmel/studio/7.0/toolchain/avr8/avr8-gnu-toolchain/bin/../lib/gcc/avr/5.4.0/../../../../avr/lib/avr5\libm.a(addsf3x.o)
 .data          0x00000000        0x0 c:/program files (x86)/atmel/studio/7.0/toolchain/avr8/avr8-gnu-toolchain/bin/../lib/gcc/avr/5.4.0/../../../../avr/lib/avr5\libm.a(addsf3x.o)
 .bss           0x00000000        0x0 c:/program files (x86)/atmel/studio/7.0/toolchain/avr8/avr8-gnu-toolchain/bin/../lib/gcc/avr/5.4.0/../../../../avr/lib/avr5\libm.a(addsf3x.o)
 .text          0x00000000        0x0 c:/program files (x86)/atmel/studio/7.0/toolchain/avr8/avr8-gnu-toolchain/bin/../lib/gcc/avr/5.4.0/../../../../avr/lib/avr5\libm.a(cmpsf2.o)
 .data          0x00000000        0x0 c:/program files (x86)/atmel/studio/7.0/toolchain/avr8/avr8-gnu-toolchain/bin/../lib/gcc/avr/5.4.0/../../../../avr/lib/avr5\libm.a(cmpsf2.o)
 .bss           0x00000000        0x0 c:/program files (x86)/atmel/studio/7.0/toolchain/avr8/avr8-gnu-toolchain/bin/../lib/gcc/avr/5.4.0/../../../../avr/lib/avr5\libm.a(cmpsf2.o)
 .text          0x00000000        0x0 c:/program files (x86)/atmel/studio/7.0/toolchain/avr8/avr8-gnu-toolchain/bin/../lib/gcc/avr/5.4.0/../../../../avr/lib/avr5\libm.a(divsf3.o)
 .data          0x00000000        0x0 c:/program files (x86)/atmel/studio/7.0/toolchain/avr8/avr8-gnu-toolchain/bin/../lib/gcc/avr/5.4.0/../../../../avr/lib/avr5\libm.a(divsf3.o)
 .bss           0x00000000        0x0 c:/program files (x86)/atmel/studio/7.0/toolchain/avr8/avr8-gnu-toolchain/bin/../lib/gcc/avr/5.4.0/../../../../avr/lib/avr5\libm.a(divsf3.o)
 .text          0x00000000        0x0 c:/program files (x86)/atmel/studio/7.0/toolchain/avr8/avr8-gnu-toolchain/bin/../lib/gcc/avr/5.4.0/../../../../avr/lib/avr5\libm.a(divsf3x.o)
 .data          0x00000000        0x0 c:/program files (x86)/atmel/studio/7.0/toolchain/avr8/avr8-gnu-toolchain/bin/../lib/gcc/avr/5.4.0/../../../../avr/lib/avr5\libm.a(divsf3x.o)
 .bss           0x00000000        0x0 c:/program files (x86)/atmel/studio/7.0/toolchain/avr8/avr8-gnu-toolchain/bin/../lib/gcc/avr/5.4.0/../../../../avr/lib/avr5\libm.a(divsf3x.o)
 .text          0x00000000        0x0 c:/program files (x86)/atmel/studio/7.0/toolchain/avr8/avr8-gnu-toolchain/bin/../lib/gcc/avr/5.4.0/../../../../avr/lib/avr5\libm.a(fixunssfsi.o)
 .data          0x00000000        0x0 c:/program files (x86)/atmel/studio/7.0/toolchain/avr8/avr8-gnu-toolchain/bin/../lib/gcc/avr/5.4.0/../../../../avr/lib/avr5\libm.a(fixunssfsi.o)
 .bss           0x00000000        0x0 c:/program files (x86)/atmel/studio/7.0/toolchain/avr8/avr8-gnu-toolchain/bin/../lib/gcc/avr/5.4.0/../../../../avr/lib/avr5\libm.a(fixunssfsi.o)
 .text          0x00000000        0x0 c:/program files (x86)/atmel/studio/7.0/toolchain/avr8/avr8-gnu-toolchain/bin/../lib/gcc/avr/5.4.0/../../../../avr/lib/avr5\libm.a(floatsisf.o)
 .data          0x00000000        0x0 c:/program files (x86)/atmel/studio/7.0/toolchain/avr8/avr8-gnu-toolchain/bin/../lib/gcc/avr/5.4.0/../../../../avr/lib/avr5\libm.a(floatsisf.o)
 .bss           0x00000000        0x0 c:/program files (x86)/atmel/studio/7.0/toolchain/avr8/avr8-gnu-toolchain/bin/../lib/gcc/avr/5.4.0/../../../../avr/lib/avr5\libm.a(floatsisf.o)
 .text          0x00000000        0x0 c:/program files (x86)/atmel/studio/7.0/toolchain/avr8/avr8-gnu-toolchain/bin/../lib/gcc/avr/5.4.0/../../../../avr/lib/avr5\libm.a(fp_cmp.o)
 .data          0x00000000        0x0 c:/program files (x86)/atmel/studio/7.0/toolchain/avr8/avr8-gnu-toolchain/bin/../lib/gcc/avr/5.4.0/../../../../avr/lib/avr5\libm.a(fp_cmp.o)
 .bss           0x00000000        0x0 c:/program files (x86)/atmel/studio/7.0/toolchain/avr8/avr8-gnu-toolchain/bin/../lib/gcc/avr/5.4.0/../../../../avr/lib/avr5\libm.a(fp_cmp.o)
 .text          0x00000000        0x0 c:/program files (x86)/atmel/studio/7.0/toolchain/avr8/avr8-gnu-toolchain/bin/../lib/gcc/avr/5.4.0/../../../../avr/lib/avr5\libm.a(fp_inf.o)
 .data          0x00000000        0x0 c:/program files (x86)/atmel/studio/7.0/toolchain/avr8/avr8-gnu-toolchain/bin/../lib/gcc/avr/5.4.0/../../../../avr/lib/avr5\libm.a(fp_inf.o)
 .bss           0x00000000        0x0 c:/program files (x86)/atmel/studio/7.0/toolchain/avr8/avr8-gnu-toolchain/bin/../lib/gcc/avr/5.4.0/../../../../avr/lib/avr5\libm.a(fp_inf.o)
 .text          0x00000000        0x0 c:/program files (x86)/atmel/studio/7.0/toolchain/avr8/avr8-gnu-toolchain/bin/../lib/gcc/avr/5.4.0/../../../../avr/lib/avr5\libm.a(fp_nan.o)
 .data          0x00000000        0x0 c:/program files (x86)/atmel/studio/7.0/toolchain/avr8/avr8-gnu-toolchain/bin/../lib/gcc/avr/5.4.0/../../../../avr/lib/avr5\libm.a(fp_nan.o)
 .bss           0x00000000        0x0 c:/program files (x86)/atmel/studio/7.0/toolchain/avr8/avr8-gnu-toolchain/bin/../lib/gcc/avr/5.4.0/../../../../avr/lib/avr5\libm.a(fp_nan.o)
 .text          0x00000000        0x0 c:/program files (x86)/atmel/studio/7.0/toolchain/avr8/avr8-gnu-toolchain/bin/../lib/gcc/avr/5.4.0/../../../../avr/lib/avr5\libm.a(fp_pscA.o)
 .data          0x00000000        0x0 c:/program files (x86)/atmel/studio/7.0/toolchain/avr8/avr8-gnu-toolchain/bin/../lib/gcc/avr/5.4.0/../../../../avr/lib/avr5\libm.a(fp_pscA.o)
 .bss           0x00000000        0x0 c:/program files (x86)/atmel/studio/7.0/toolchain/avr8/avr8-gnu-toolchain/bin/../lib/gcc/avr/5.4.0/../../../../avr/lib/avr5\libm.a(fp_pscA.o)
 .text          0x00000000        0x0 c:/program files (x86)/atmel/studio/7.0/toolchain/avr8/avr8-gnu-toolchain/bin/../lib/gcc/avr/5.4.0/../../../../avr/lib/avr5\libm.a(fp_pscB.o)
 .data          0x00000000        0x0 c:/program files (x86)/atmel/studio/7.0/toolchain/avr8/avr8-gnu-toolchain/bin/../lib/gcc/avr/5.4.0/../../../../avr/lib/avr5\libm.a(fp_pscB.o)
 .bss           0x00000000        0x0 c:/program files (x86)/atmel/studio/7.0/toolchain/avr8/avr8-gnu-toolchain/bin/../lib/gcc/avr/5.4.0/../../../../avr/lib/avr5\libm.a(fp_pscB.o)
 .text          0x00000000        0x0 c:/program files (x86)/atmel/studio/7.0/toolchain/avr8/avr8-gnu-toolchain/bin/../lib/gcc/avr/5.4.0/../../../../avr/lib/avr5\libm.a(fp_round.o)
 .data          0x00000000        0x0 c:/program files (x86)/atmel/studio/7.0/toolchain/avr8/avr8-gnu-toolchain/bin/../lib/gcc/avr/5.4.0/../../../../avr/lib/avr5\libm.a(fp_round.o)
 .bss           0x00000000        0x0 c:/program files (x86)/atmel/studio/7.0/toolchain/avr8/avr8-gnu-toolchain/bin/../lib/gcc/avr/5.4.0/../../../../avr/lib/avr5\libm.a(fp_round.o)
 .text          0x00000000        0x0 c:/program files (x86)/atmel/studio/7.0/toolchain/avr8/avr8-gnu-toolchain/bin/../lib/gcc/avr/5.4.0/../../../../avr/lib/avr5\libm.a(fp_split3.o)
 .data          0x00000000        0x0 c:/program files (x86)/atmel/studio/7.0/toolchain/avr8/avr8-gnu-toolchain/bin/../lib/gcc/avr/5.4.0/../../../../avr/lib/avr5\libm.a(fp_split3.o)
 .bss           0x00000000        0x0 c:/program files (x86)/atmel/studio/7.0/toolchain/avr8/avr8-gnu-toolchain/bin/../lib/gcc/avr/5.4.0/../../../../avr/lib/avr5\libm.a(fp_split3.o)
 .text          0x00000000        0x0 c:/program files (x86)/atmel/studio/7.0/toolchain/avr8/avr8-gnu-toolchain/bin/../lib/gcc/avr/5.4.0/../../../../avr/lib/avr5\libm.a(fp_zero.o)
 .data          0x00000000        0x0 c:/program files (x86)/atmel/studio/7.0/toolchain/avr8/avr8-gnu-toolchain/bin/../lib/gcc/avr/5.4.0/../../../../avr/lib/avr5\libm.a(fp_zero.o)
 .bss           0x00000000        0x0 c:/program files (x86)/atmel/studio/7.0/toolchain/avr8/avr8-gnu-toolchain/bin/../lib/gcc/avr/5.4.0/../../../../avr/lib/avr5\libm.a(fp_zero.o)
 .text          0x00000000        0x0 c:/program files (x86)/atmel/studio/7.0/toolchain/avr8/avr8-gnu-toolchain/bin/../lib/gcc/avr/5.4.0/../../../../avr/lib/avr5\libm.a(gesf2.o)
 .data          0x00000000        0x0 c:/program files (x86)/atmel/studio/7.0/toolchain/avr8/avr8-gnu-toolchain/bin/../lib/gcc/avr/5.4.0/../../../../avr/lib/avr5\libm.a(gesf2.o)
 .bss           0x00000000        0x0 c:/program files (x86)/atmel/studio/7.0/toolchain/avr8/avr8-gnu-toolchain/bin/../lib/gcc/avr/5.4.0/../../../../avr/lib/avr5\libm.a(gesf2.o)
 .text.avr-libc.fplib
                0x00000000        0xa c:/program files (x86)/atmel/studio/7.0/toolchain/avr8/avr8-gnu-toolchain/bin/../lib/gcc/avr/5.4.0/../../../../avr/lib/avr5\libm.a(gesf2.o)
 .text          0x00000000        0x0 c:/program files (x86)/atmel/studio/7.0/toolchain/avr8/avr8-gnu-toolchain/bin/../lib/gcc/avr/5.4.0/../../../../avr/lib/avr5\libm.a(mulsf3.o)
 .data          0x00000000        0x0 c:/program files (x86)/atmel/studio/7.0/toolchain/avr8/avr8-gnu-toolchain/bin/../lib/gcc/avr/5.4.0/../../../../avr/lib/avr5\libm.a(mulsf3.o)
 .bss           0x00000000        0x0 c:/program files (x86)/atmel/studio/7.0/toolchain/avr8/avr8-gnu-toolchain/bin/../lib/gcc/avr/5.4.0/../../../../avr/lib/avr5\libm.a(mulsf3.o)
 .text          0x00000000        0x0 c:/program files (x86)/atmel/studio/7.0/toolchain/avr8/avr8-gnu-toolchain/bin/../lib/gcc/avr/5.4.0/../../../../avr/lib/avr5\libm.a(mulsf3x.o)
 .data          0x00000000        0x0 c:/program files (x86)/atmel/studio/7.0/toolchain/avr8/avr8-gnu-toolchain/bin/../lib/gcc/avr/5.4.0/../../../../avr/lib/avr5\libm.a(mulsf3x.o)
 .bss           0x00000000        0x0 c:/program files (x86)/atmel/studio/7.0/toolchain/avr8/avr8-gnu-toolchain/bin/../lib/gcc/avr/5.4.0/../../../../avr/lib/avr5\libm.a(mulsf3x.o)
 .text          0x00000000        0x0 c:/program files (x86)/atmel/studio/7.0/toolchain/avr8/avr8-gnu-toolchain/bin/../lib/gcc/avr/5.4.0/avr5\libgcc.a(_udivmodsi4.o)
 .data          0x00000000        0x0 c:/program files (x86)/atmel/studio/7.0/toolchain/avr8/avr8-gnu-toolchain/bin/../lib/gcc/avr/5.4.0/avr5\libgcc.a(_udivmodsi4.o)
 .bss           0x00000000        0x0 c:/program files (x86)/atmel/studio/7.0/toolchain/avr8/avr8-gnu-toolchain/bin/../lib/gcc/avr/5.4.0/avr5\libgcc.a(_udivmodsi4.o)
 .text.libgcc.mul
                0x00000000        0x0 c:/program files (x86)/atmel/studio/7.0/toolchain/avr8/avr8-gnu-toolchain/bin/../lib/gcc/avr/5.4.0/avr5\libgcc.a(_udivmodsi4.o)
 .text.libgcc   0x00000000        0x0 c:/program files (x86)/atmel/studio/7.0/toolchain/avr8/avr8-gnu-toolchain/bin/../lib/gcc/avr/5.4.0/avr5\libgcc.a(_udivmodsi4.o)
 .text.libgcc.prologue
                0x00000000        0x0 c:/program files (x86)/atmel/studio/7.0/toolchain/avr8/avr8-gnu-toolchain/bin/../lib/gcc/avr/5.4.0/avr5\libgcc.a(_udivmodsi4.o)
 .text.libgcc.builtins
                0x00000000        0x0 c:/program files (x86)/atmel/studio/7.0/toolchain/avr8/avr8-gnu-toolchain/bin/../lib/gcc/avr/5.4.0/avr5\libgcc.a(_udivmodsi4.o)
 .text.libgcc.fmul
                0x00000000        0x0 c:/program files (x86)/atmel/studio/7.0/toolchain/avr8/avr8-gnu-toolchain/bin/../lib/gcc/avr/5.4.0/avr5\libgcc.a(_udivmodsi4.o)
 .text.libgcc.fixed
                0x00000000        0x0 c:/program files (x86)/atmel/studio/7.0/toolchain/avr8/avr8-gnu-toolchain/bin/../lib/gcc/avr/5.4.0/avr5\libgcc.a(_udivmodsi4.o)
 .text          0x00000000        0x0 c:/program files (x86)/atmel/studio/7.0/toolchain/avr8/avr8-gnu-toolchain/bin/../lib/gcc/avr/5.4.0/avr5\libgcc.a(_divmodsi4.o)
 .data          0x00000000        0x0 c:/program files (x86)/atmel/studio/7.0/toolchain/avr8/avr8-gnu-toolchain/bin/../lib/gcc/avr/5.4.0/avr5\libgcc.a(_divmodsi4.o)
 .bss           0x00000000        0x0 c:/program files (x86)/atmel/studio/7.0/toolchain/avr8/avr8-gnu-toolchain/bin/../lib/gcc/avr/5.4.0/avr5\libgcc.a(_divmodsi4.o)
 .text.libgcc.mul
                0x00000000        0x0 c:/program files (x86)/atmel/studio/7.0/toolchain/avr8/avr8-gnu-toolchain/bin/../lib/gcc/avr/5.4.0/avr5\libgcc.a(_divmodsi4.o)
 .text.libgcc.div
                0x00000000       0x2e c:/program files (x86)/atmel/studio/7.0/toolchain/avr8/avr8-gnu-toolchain/bin/../lib/gcc/avr/5.4.0/avr5\libgcc.a(_divmodsi4.o)
 .text.libgcc   0x00000000        0x0 c:/program files (x86)/atmel/studio/7.0/toolchain/avr8/avr8-gnu-toolchain/bin/../lib/gcc/avr/5.4.0/avr5\libgcc.a(_divmodsi4.o)
 .text.libgcc.prologue
                0x00000000        0x0 c:/program files (x86)/atmel/studio/7.0/toolchain/avr8/avr8-gnu-toolchain/bin/../lib/gcc/avr/5.4.0/avr5\libgcc.a(_divmodsi4.o)
 .text.libgcc.builtins
                0x00000000        0x0 c:/program files (x86)/atmel/studio/7.0/toolchain/avr8/avr8-gnu-toolchain/bin/../lib/gcc/avr/5.4.0/avr5\libgcc.a(_divmodsi4.o)
 .text.libgcc.fmul
                0x00000000        0x0 c:/program files (x86)/atmel/studio/7.0/toolchain/avr8/avr8-gnu-toolchain/bin/../lib/gcc/avr/5.4.0/avr5\libgcc.a(_divmodsi4.o)
 .text.libgcc.fixed
                0x00000000        0x0 c:/program files (x86)/atmel/studio/7.0/toolchain/avr8/avr8-gnu-toolchain/bin/../lib/gcc/avr/5.4.0/avr5\libgcc.a(_divmodsi4.o)
 .text          0x00000000        0x0 c:/program files (x86)/atmel/studio/7.0/toolchain/avr8/avr8-gnu-toolchain/bin/../lib/gcc/avr/5.4.0/avr5\libgcc.a(_negsi2.o)
 .data          0x00000000        0x0 c:/program files (x86)/atmel/studio/7.0/toolchain/avr8/avr8-gnu-toolchain/bin/../lib/gcc/avr/5.4.0/avr5\libgcc.a(_negsi2.o)
 .bss           0x00000000        0x0 c:/program files (x86)/atmel/studio/7.0/toolchain/avr8/avr8-gnu-toolchain/bin/../lib/gcc/avr/5.4.0/avr5\libgcc.a(_negsi2.o)
 .text.libgcc.mul
                0x00000000        0x0 c:/program files (x86)/atmel/studio/7.0/toolchain/avr8/avr8-gnu-toolchain/bin/../lib/gcc/avr/5.4.0/avr5\libgcc.a(_negsi2.o)
 .text.libgcc.div
                0x00000000       0x10 c:/program files (x86)/atmel/studio/7.0/toolchain/avr8/avr8-gnu-toolchain/bin/../lib/gcc/avr/5.4.0/avr5\libgcc.a(_negsi2.o)
 .text.libgcc   0x00000000        0x0 c:/program files (x86)/atmel/studio/7.0/toolchain/avr8/avr8-gnu-toolchain/bin/../lib/gcc/avr/5.4.0/avr5\libgcc.a(_negsi2.o)
 .text.libgcc.prologue
                0x00000000        0x0 c:/program files (x86)/atmel/studio/7.0/toolchain/avr8/avr8-gnu-toolchain/bin/../lib/gcc/avr/5.4.0/avr5\libgcc.a(_negsi2.o)
 .text.libgcc.builtins
                0x00000000        0x0 c:/program files (x86)/atmel/studio/7.0/toolchain/avr8/avr8-gnu-toolchain/bin/../lib/gcc/avr/5.4.0/avr5\libgcc.a(_negsi2.o)
 .text.libgcc.fmul
                0x00000000        0x0 c:/program files (x86)/atmel/studio/7.0/toolchain/avr8/avr8-gnu-toolchain/bin/../lib/gcc/avr/5.4.0/avr5\libgcc.a(_negsi2.o)
 .text.libgcc.fixed
                0x00000000        0x0 c:/program files (x86)/atmel/studio/7.0/toolchain/avr8/avr8-gnu-toolchain/bin/../lib/gcc/avr/5.4.0/avr5\libgcc.a(_negsi2.o)
 .text          0x00000000        0x0 c:/program files (x86)/atmel/studio/7.0/toolchain/avr8/avr8-gnu-toolchain/bin/../lib/gcc/avr/5.4.0/avr5\libgcc.a(_exit.o)
 .data          0x00000000        0x0 c:/program files (x86)/atmel/studio/7.0/toolchain/avr8/avr8-gnu-toolchain/bin/../lib/gcc/avr/5.4.0/avr5\libgcc.a(_exit.o)
 .bss           0x00000000        0x0 c:/program files (x86)/atmel/studio/7.0/toolchain/avr8/avr8-gnu-toolchain/bin/../lib/gcc/avr/5.4.0/avr5\libgcc.a(_exit.o)
 .text.libgcc.mul
                0x00000000        0x0 c:/program files (x86)/atmel/studio/7.0/toolchain/avr8/avr8-gnu-toolchain/bin/../lib/gcc/avr/5.4.0/avr5\libgcc.a(_exit.o)
 .text.libgcc.div
                0x00000000        0x0 c:/program files (x86)/atmel/studio/7.0/toolchain/avr8/avr8-gnu-toolchain/bin/../lib/gcc/avr/5.4.0/avr5\libgcc.a(_exit.o)
 .text.libgcc   0x00000000        0x0 c:/program files (x86)/atmel/studio/7.0/toolchain/avr8/avr8-gnu-toolchain/bin/../lib/gcc/avr/5.4.0/avr5\libgcc.a(_exit.o)
 .text.libgcc.prologue
                0x00000000        0x0 c:/program files (x86)/atmel/studio/7.0/toolchain/avr8/avr8-gnu-toolchain/bin/../lib/gcc/avr/5.4.0/avr5\libgcc.a(_exit.o)
 .text.libgcc.builtins
                0x00000000        0x0 c:/program files (x86)/atmel/studio/7.0/toolchain/avr8/avr8-gnu-toolchain/bin/../lib/gcc/avr/5.4.0/avr5\libgcc.a(_exit.o)
 .text.libgcc.fmul
                0x00000000        0x0 c:/program files (x86)/atmel/studio/7.0/toolchain/avr8/avr8-gnu-toolchain/bin/../lib/gcc/avr/5.4.0/avr5\libgcc.a(_exit.o)
 .text.libgcc.fixed
                0x00000000        0x0 c:/program files (x86)/atmel/studio/7.0/toolchain/avr8/avr8-gnu-toolchain/bin/../lib/gcc/avr/5.4.0/avr5\libgcc.a(_exit.o)
 .text          0x00000000        0x0 c:/program files (x86)/atmel/studio/7.0/toolchain/avr8/avr8-gnu-toolchain/bin/../lib/gcc/avr/5.4.0/avr5\libgcc.a(_tablejump2.o)
 .data          0x00000000        0x0 c:/program files (x86)/atmel/studio/7.0/toolchain/avr8/avr8-gnu-toolchain/bin/../lib/gcc/avr/5.4.0/avr5\libgcc.a(_tablejump2.o)
 .bss           0x00000000        0x0 c:/program files (x86)/atmel/studio/7.0/toolchain/avr8/avr8-gnu-toolchain/bin/../lib/gcc/avr/5.4.0/avr5\libgcc.a(_tablejump2.o)
 .text.libgcc.mul
                0x00000000        0x0 c:/program files (x86)/atmel/studio/7.0/toolchain/avr8/avr8-gnu-toolchain/bin/../lib/gcc/avr/5.4.0/avr5\libgcc.a(_tablejump2.o)
 .text.libgcc.div
                0x00000000        0x0 c:/program files (x86)/atmel/studio/7.0/toolchain/avr8/avr8-gnu-toolchain/bin/../lib/gcc/avr/5.4.0/avr5\libgcc.a(_tablejump2.o)
 .text.libgcc.prologue
                0x00000000        0x0 c:/program files (x86)/atmel/studio/7.0/toolchain/avr8/avr8-gnu-toolchain/bin/../lib/gcc/avr/5.4.0/avr5\libgcc.a(_tablejump2.o)
 .text.libgcc.builtins
                0x00000000        0x0 c:/program files (x86)/atmel/studio/7.0/toolchain/avr8/avr8-gnu-toolchain/bin/../lib/gcc/avr/5.4.0/avr5\libgcc.a(_tablejump2.o)
 .text.libgcc.fmul
                0x00000000        0x0 c:/program files (x86)/atmel/studio/7.0/toolchain/avr8/avr8-gnu-toolchain/bin/../lib/gcc/avr/5.4.0/avr5\libgcc.a(_tablejump2.o)
 .text.libgcc.fixed
                0x00000000        0x0 c:/program files (x86)/atmel/studio/7.0/toolchain/avr8/avr8-gnu-toolchain/bin/../lib/gcc/avr/5.4.0/avr5\libgcc.a(_tablejump2.o)
 .text          0x00000000        0x0 c:/program files (x86)/atmel/studio/7.0/toolchain/avr8/avr8-gnu-toolchain/bin/../lib/gcc/avr/5.4.0/avr5\libgcc.a(_copy_data.o)
 .data          0x00000000        0x0 c:/program files (x86)/atmel/studio/7.0/toolchain/avr8/avr8-gnu-toolchain/bin/../lib/gcc/avr/5.4.0/avr5\libgcc.a(_copy_data.o)
 .bss           0x00000000        0x0 c:/program files (x86)/atmel/studio/7.0/toolchain/avr8/avr8-gnu-toolchain/bin/../lib/gcc/avr/5.4.0/avr5\libgcc.a(_copy_data.o)
 .text.libgcc.mul
                0x00000000        0x0 c:/program files (x86)/atmel/studio/7.0/toolchain/avr8/avr8-gnu-toolchain/bin/../lib/gcc/avr/5.4.0/avr5\libgcc.a(_copy_data.o)
 .text.libgcc.div
                0x00000000        0x0 c:/program files (x86)/atmel/studio/7.0/toolchain/avr8/avr8-gnu-toolchain/bin/../lib/gcc/avr/5.4.0/avr5\libgcc.a(_copy_data.o)
 .text.libgcc   0x00000000        0x0 c:/program files (x86)/atmel/studio/7.0/toolchain/avr8/avr8-gnu-toolchain/bin/../lib/gcc/avr/5.4.0/avr5\libgcc.a(_copy_data.o)
 .text.libgcc.prologue
                0x00000000        0x0 c:/program files (x86)/atmel/studio/7.0/toolchain/avr8/avr8-gnu-toolchain/bin/../lib/gcc/avr/5.4.0/avr5\libgcc.a(_copy_data.o)
 .text.libgcc.builtins
                0x00000000        0x0 c:/program files (x86)/atmel/studio/7.0/toolchain/avr8/avr8-gnu-toolchain/bin/../lib/gcc/avr/5.4.0/avr5\libgcc.a(_copy_data.o)
 .text.libgcc.fmul
                0x00000000        0x0 c:/program files (x86)/atmel/studio/7.0/toolchain/avr8/avr8-gnu-toolchain/bin/../lib/gcc/avr/5.4.0/avr5\libgcc.a(_copy_data.o)
 .text.libgcc.fixed
                0x00000000        0x0 c:/program files (x86)/atmel/studio/7.0/toolchain/avr8/avr8-gnu-toolchain/bin/../lib/gcc/avr/5.4.0/avr5\libgcc.a(_copy_data.o)
 .text          0x00000000        0x0 c:/program files (x86)/atmel/studio/7.0/toolchain/avr8/avr8-gnu-toolchain/bin/../lib/gcc/avr/5.4.0/avr5\libgcc.a(_clear_bss.o)
 .data          0x00000000        0x0 c:/program files (x86)/atmel/studio/7.0/toolchain/avr8/avr8-gnu-toolchain/bin/../lib/gcc/avr/5.4.0/avr5\libgcc.a(_clear_bss.o)
 .bss           0x00000000        0x0 c:/program files (x86)/atmel/studio/7.0/toolchain/avr8/avr8-gnu-toolchain/bin/../lib/gcc/avr/5.4.0/avr5\libgcc.a(_clear_bss.o)
 .text.libgcc.mul
                0x00000000        0x0 c:/program files (x86)/atmel/studio/7.0/toolchain/avr8/avr8-gnu-toolchain/bin/../lib/gcc/avr/5.4.0/avr5\libgcc.a(_clear_bss.o)
 .text.libgcc.div
                0x00000000        0x0 c:/program files (x86)/atmel/studio/7.0/toolchain/avr8/avr8-gnu-toolchain/bin/../lib/gcc/avr/5.4.0/avr5\libgcc.a(_clear_bss.o)
 .text.libgcc   0x00000000        0x0 c:/program files (x86)/atmel/studio/7.0/toolchain/avr8/avr8-gnu-toolchain/bin/../lib/gcc/avr/5.4.0/avr5\libgcc.a(_clear_bss.o)
 .text.libgcc.prologue
                0x00000000        0x0 c:/program files (x86)/atmel/studio/7.0/toolchain/avr8/avr8-gnu-toolchain/bin/../lib/gcc/avr/5.4.0/avr5\libgcc.a(_clear_bss.o)
 .text.libgcc.builtins
                0x00000000        0x0 c:/program files (x86)/atmel/studio/7.0/toolchain/avr8/avr8-gnu-toolchain/bin/../lib/gcc/avr/5.4.0/avr5\libgcc.a(_clear_bss.o)
 .text.libgcc.fmul
                0x00000000        0x0 c:/program files (x86)/atmel/studio/7.0/toolchain/avr8/avr8-gnu-toolchain/bin/../lib/gcc/avr/5.4.0/avr5\libgcc.a(_clear_bss.o)
 .text.libgcc.fixed
                0x00000000        0x0 c:/program files (x86)/atmel/studio/7.0/toolchain/avr8/avr8-gnu-toolchain/bin/../lib/gcc/avr/5.4.0/avr5\libgcc.a(_clear_bss.o)
 .text          0x00000000        0x0 c:/program files (x86)/atmel/studio/7.0/toolchain/avr8/avr8-gnu-toolchain/bin/../lib/gcc/avr/5.4.0/avr5\libgcc.a(_muluhisi3.o)
 .data          0x00000000        0x0 c:/program files (x86)/atmel/studio/7.0/toolchain/avr8/avr8-gnu-toolchain/bin/../lib/gcc/avr/5.4.0/avr5\libgcc.a(_muluhisi3.o)
 .bss           0x00000000        0x0 c:/program files (x86)/atmel/studio/7.0/toolchain/avr8/avr8-gnu-toolchain/bin/../lib/gcc/avr/5.4.0/avr5\libgcc.a(_muluhisi3.o)
 .text.libgcc.div
                0x00000000        0x0 c:/program files (x86)/atmel/studio/7.0/toolchain/avr8/avr8-gnu-toolchain/bin/../lib/gcc/avr/5.4.0/avr5\libgcc.a(_muluhisi3.o)
 .text.libgcc   0x00000000        0x0 c:/program files (x86)/atmel/studio/7.0/toolchain/avr8/avr8-gnu-toolchain/bin/../lib/gcc/avr/5.4.0/avr5\libgcc.a(_muluhisi3.o)
 .text.libgcc.prologue
                0x00000000        0x0 c:/program files (x86)/atmel/studio/7.0/toolchain/avr8/avr8-gnu-toolchain/bin/../lib/gcc/avr/5.4.0/avr5\libgcc.a(_muluhisi3.o)
 .text.libgcc.builtins
                0x00000000        0x0 c:/program files (x86)/atmel/studio/7.0/toolchain/avr8/avr8-gnu-toolchain/bin/../lib/gcc/avr/5.4.0/avr5\libgcc.a(_muluhisi3.o)
 .text.libgcc.fmul
                0x00000000        0x0 c:/program files (x86)/atmel/studio/7.0/toolchain/avr8/avr8-gnu-toolchain/bin/../lib/gcc/avr/5.4.0/avr5\libgcc.a(_muluhisi3.o)
 .text.libgcc.fixed
                0x00000000        0x0 c:/program files (x86)/atmel/studio/7.0/toolchain/avr8/avr8-gnu-toolchain/bin/../lib/gcc/avr/5.4.0/avr5\libgcc.a(_muluhisi3.o)
 .text          0x00000000        0x0 c:/program files (x86)/atmel/studio/7.0/toolchain/avr8/avr8-gnu-toolchain/bin/../lib/gcc/avr/5.4.0/avr5\libgcc.a(_umulhisi3.o)
 .data          0x00000000        0x0 c:/program files (x86)/atmel/studio/7.0/toolchain/avr8/avr8-gnu-toolchain/bin/../lib/gcc/avr/5.4.0/avr5\libgcc.a(_umulhisi3.o)
 .bss           0x00000000        0x0 c:/program files (x86)/atmel/studio/7.0/toolchain/avr8/avr8-gnu-toolchain/bin/../lib/gcc/avr/5.4.0/avr5\libgcc.a(_umulhisi3.o)
 .text.libgcc.div
                0x00000000        0x0 c:/program files (x86)/atmel/studio/7.0/toolchain/avr8/avr8-gnu-toolchain/bin/../lib/gcc/avr/5.4.0/avr5\libgcc.a(_umulhisi3.o)
 .text.libgcc   0x00000000        0x0 c:/program files (x86)/atmel/studio/7.0/toolchain/avr8/avr8-gnu-toolchain/bin/../lib/gcc/avr/5.4.0/avr5\libgcc.a(_umulhisi3.o)
 .text.libgcc.prologue
                0x00000000        0x0 c:/program files (x86)/atmel/studio/7.0/toolchain/avr8/avr8-gnu-toolchain/bin/../lib/gcc/avr/5.4.0/avr5\libgcc.a(_umulhisi3.o)
 .text.libgcc.builtins
                0x00000000        0x0 c:/program files (x86)/atmel/studio/7.0/toolchain/avr8/avr8-gnu-toolchain/bin/../lib/gcc/avr/5.4.0/avr5\libgcc.a(_umulhisi3.o)
 .text.libgcc.fmul
                0x00000000        0x0 c:/program files (x86)/atmel/studio/7.0/toolchain/avr8/avr8-gnu-toolchain/bin/../lib/gcc/avr/5.4.0/avr5\libgcc.a(_umulhisi3.o)
 .text.libgcc.fixed
                0x00000000        0x0 c:/program files (x86)/atmel/studio/7.0/toolchain/avr8/avr8-gnu-toolchain/bin/../lib/gcc/avr/5.4.0/avr5\libgcc.a(_umulhisi3.o)

Memory Configuration

Name             Origin             Length             Attributes
text             0x00000000         0x00008000         xr
data             0x00800060         0x00000800         rw !x
eeprom           0x00810000         0x00000400         rw !x
fuse             0x00820000         0x00000002         rw !x
lock             0x00830000         0x00000400         rw !x
signature        0x00840000         0x00000400         rw !x
user_signatures  0x00850000         0x00000400         rw !x
*default*        0x00000000         0xffffffff

Linker script and memory map

LOAD C:/Program Files (x86)/Atmel/Studio/7.0/Packs/atmel/ATmega_DFP/1.7.374/gcc/dev/atmega32/avr5/crtatmega32.o
LOAD APP/Main.o
LOAD APP/PWM_Oscilloscope/PWMScope_Program.o
LOAD HAL/ICU/ICU_Program.o
LOAD HAL/LCD/LCD_Program.o
LOAD HAL/Nokia5110/Nokia5110_Config.o
LOAD HAL/Nokia5110/Nokia5110_Program.o
LOAD LIB/General/General.o
LOAD MCAL/DIO/DIO_Program.o
LOAD MCAL/EXTI/EXTI_Config.o
LOAD MCAL/EXTI/EXTI_Program.o
LOAD MCAL/SPI/SPI_Program.o
LOAD MCAL/SREG/SREG_Program.o
LOAD MCAL/Timer1/Timer1_Program.o
LOAD MCAL/Timer/Timer_Config.o
LOAD MCAL/Timer/Timer_Program.o
START GROUP
LOAD c:/program files (x86)/atmel/studio/7.0/toolchain/avr8/avr8-gnu-toolchain/bin/../lib/gcc/avr/5.4.0/../../../../avr/lib/avr5\libm.a
END GROUP
START GROUP
LOAD c:/program files (x86)/atmel/studio/7.0/toolchain/avr8/avr8-gnu-toolchain/bin/../lib/gcc/avr/5.4.0/avr5\libgcc.a
LOAD c:/program files (x86)/atmel/studio/7.0/toolchain/avr8/avr8-gnu-toolchain/bin/../lib/gcc/avr/5.4.0/../../../../avr/lib/avr5\libm.a
LOAD c:/program files (x86)/atmel/studio/7.0/toolchain/avr8/avr8-gnu-toolchain/bin/../lib/gcc/avr/5.4.0/../../../../avr/lib/avr5\libc.a
LOAD C:/Program Files (x86)/Atmel/Studio/7.0/Packs/atmel/ATmega_DFP/1.7.374/gcc/dev/atmega32/avr5\libatmega32.a
END GROUP
                0x00000000                __TEXT_REGION_ORIGIN__ = DEFINED (__TEXT_REGION_ORIGIN__)?__TEXT_REGION_ORIGIN__:0x0
                [0x00800060]                __DATA_REGION_ORIGIN__ = DEFINED (__DATA_REGION_ORIGIN__)?__DATA_REGION_ORIGIN__:0x800060
                [0x00008000]                __TEXT_REGION_LENGTH__ = DEFINED (__TEXT_REGION_LENGTH__)?__TEXT_REGION_LENGTH__:0x20000
                [0x00000800]                __DATA_REGION_LENGTH__ = DEFINED (__DATA_REGION_LENGTH__)?__DATA_REGION_LENGTH__:0xffa0
                [0x00000400]                __EEPROM_REGION_LENGTH__ = DEFINED (__EEPROM_REGION_LENGTH__)?__EEPROM_REGION_LENGTH__:0x10000
                [0x00000002]                __FUSE_REGION_LENGTH__ = DEFINED (__FUSE_REGION_LENGTH__)?__FUSE_REGION_LENGTH__:0x400
                0x00000400                __LOCK_REGION_LENGTH__ = DEFINED (__LOCK_REGION_LENGTH__)?__LOCK_REGION_LENGTH__:0x400
                0x00000400                __SIGNATURE_REGION_LENGTH__ = DEFINED (__SIGNATURE_REGION_LENGTH__)?__SIGNATURE_REGION_LENGTH__:0x400
                0x00000400                __USER_SIGNATURE_REGION_LENGTH__ = DEFINED (__USER_SIGNATURE_REGION_LENGTH__)?__USER_SIGNATURE_REGION_LENGTH__:0x400

.hash
 *(.hash)

.dynsym
 *(.dynsym)

.dynstr
 *(.dynstr)

.gnu.version
 *(.gnu.version)

.gnu.version_d
 *(.gnu.version_d)

.gnu.version_r
 *(.gnu.version_r)

.rel.init
 *(.rel.init)

.rela.init
 *(.rela.init)

.rel.text
 *(.rel.text)
 *(.rel.text.*)
 *(.rel.gnu.linkonce.t*)

.rela.text
 *(.rela.text)
 *(.rela.text.*)
 *(.rela.gnu.linkonce.t*)

.rel.fini
 *(.rel.fini)

.rela.fini
 *(.rela.fini)

.rel.rodata
 *(.rel.rodata)
 *(.rel.rodata.*)
 *(.rel.gnu.linkonce.r*)

.rela.rodata
 *(.rela.rodata)
 *(.rela.rodata.*)
 *(.rela.gnu.linkonce.r*)

.rel.data
 *(.rel.data)
 *(.rel.data.*)
 *(.rel.gnu.linkonce.d*)

.rela.data
 *(.rela.data)
 *(.rela.data.*)
 *(.rela.gnu.linkonce.d*)

.rel.ctors
 *(.rel.ctors)

.rela.ctors
 *(.rela.ctors)

.rel.dtors
 *(.rel.dtors)

.rela.dtors
 *(.rela.dtors)

.rel.got
 *(.rel.got)

.rela.got
 *(.rela.got)

.rel.bss
 *(.rel.bss)

.rela.bss
 *(.rela.bss)

.rel.plt
 *(.rel.plt)

.rela.plt
 *(.rela.plt)

.text           0x00000000     0x1a8c
 *(.vectors)
 .vectors       0x00000000       0x54 C:/Program Files (x86)/Atmel/Studio/7.0/Packs/atmel/ATmega_DFP/1.7.374/gcc/dev/atmega32/avr5/crtatmega32.o
                0x00000000                __vector_default
                0x00000000                __vectors
 *(.vectors)
 *(.progmem.gcc*)
 .progmem.gcc_sw_table.enu_GenerateFrame
                0x00000054        0xe HAL/Nokia5110/Nokia5110_Program.o
                0x00000062                . = ALIGN (0x2)
                0x00000062                __trampolines_start = .
 *(.trampolines)
 .trampolines   0x00000062        0x0 linker stubs
 *(.trampolines*)
                0x00000062                __trampolines_end = .
 *libprintf_flt.a:*(.progmem.data)
 *libc.a:*(.progmem.data)
 *(.progmem*)
                0x00000062                . = ALIGN (0x2)
 *(.jumptables)
 *(.jumptables*)
 *(.lowtext)
 *(.lowtext*)
                0x00000062                __ctors_start = .
 *(.ctors)
                0x00000062                __ctors_end = .
                0x00000062                __dtors_start = .
 *(.dtors)
                0x00000062                __dtors_end = .
 SORT(*)(.ctors)
 SORT(*)(.dtors)
 *(.init0)
 .init0         0x00000062        0x0 C:/Program Files (x86)/Atmel/Studio/7.0/Packs/atmel/ATmega_DFP/1.7.374/gcc/dev/atmega32/avr5/crtatmega32.o
                0x00000062                __init
 *(.init0)
 *(.init1)
 *(.init1)
 *(.init2)
 .init2         0x00000062        0xc C:/Program Files (x86)/Atmel/Studio/7.0/Packs/atmel/ATmega_DFP/1.7.374/gcc/dev/atmega32/avr5/crtatmega32.o
 *(.init2)
 *(.init3)
 *(.init3)
 *(.init4)
 .init4         0x0000006e       0x16 c:/program files (x86)/atmel/studio/7.0/toolchain/avr8/avr8-gnu-toolchain/bin/../lib/gcc/avr/5.4.0/avr5\libgcc.a(_copy_data.o)
                0x0000006e                __do_copy_data
 .init4         0x00000084       0x10 c:/program files (x86)/atmel/studio/7.0/toolchain/avr8/avr8-gnu-toolchain/bin/../lib/gcc/avr/5.4.0/avr5\libgcc.a(_clear_bss.o)
                0x00000084                __do_clear_bss
 *(.init4)
 *(.init5)
 *(.init5)
 *(.init6)
 *(.init6)
 *(.init7)
 *(.init7)
 *(.init8)
 *(.init8)
 *(.init9)
 .init9         0x00000094        0x8 C:/Program Files (x86)/Atmel/Studio/7.0/Packs/atmel/ATmega_DFP/1.7.374/gcc/dev/atmega32/avr5/crtatmega32.o
 *(.init9)
 *(.text)
 .text          0x0000009c        0x4 C:/Program Files (x86)/Atmel/Studio/7.0/Packs/atmel/ATmega_DFP/1.7.374/gcc/dev/atmega32/avr5/crtatmega32.o
                0x0000009c                __bad_interrupt
                0x0000009c                __vector_13
                0x0000009c                __vector_17
                0x0000009c                __vector_19
                0x0000009c                __vector_15
                0x0000009c                __vector_14
                0x0000009c                __vector_16
                0x0000009c                __vector_18
                0x0000009c                __vector_20
                0x000000a0                . = ALIGN (0x2)
 *(.text.*)
 .text.main     0x000000a0        0xa APP/Main.o
                0x000000a0                main
 .text.enu_GenerateScopeScreen
                0x000000aa       0x58 APP/PWM_Oscilloscope/PWMScope_Program.o
 .text.PWMScope_enu_Initialization
                0x00000102       0x46 APP/PWM_Oscilloscope/PWMScope_Program.o
                0x00000102                PWMScope_enu_Initialization
 .text.PWMScope_enu_RunScope
                0x00000148       0xee APP/PWM_Oscilloscope/PWMScope_Program.o
                0x00000148                PWMScope_enu_RunScope
 .text.vid_IncrementOverFlowCounter
                0x00000236       0x1c HAL/ICU/ICU_Program.o
                0x00000236                vid_IncrementOverFlowCounter
 .text.vid_CapturingFunction
                0x00000252       0x8e HAL/ICU/ICU_Program.o
                0x00000252                vid_CapturingFunction
 .text.ICU_enu_Initialization
                0x000002e0       0x34 HAL/ICU/ICU_Program.o
                0x000002e0                ICU_enu_Initialization
 .text.ICU_enu_StartCapture
                0x00000314       0x38 HAL/ICU/ICU_Program.o
                0x00000314                ICU_enu_StartCapture
 .text.ICU_enu_CalculateParameters
                0x0000034c      0x16e HAL/ICU/ICU_Program.o
                0x0000034c                ICU_enu_CalculateParameters
 .text.enu_GenerateFrame
                0x000004ba       0xe0 HAL/Nokia5110/Nokia5110_Program.o
 .text.enu_ConvertCoordinatesToAddresses
                0x0000059a       0x20 HAL/Nokia5110/Nokia5110_Program.o
 .text.enu_PassByteToSPI
                0x000005ba       0x52 HAL/Nokia5110/Nokia5110_Program.o
 .text.enu_SendCommand
                0x0000060c       0x2c HAL/Nokia5110/Nokia5110_Program.o
 .text.enu_SendData
                0x00000638       0x18 HAL/Nokia5110/Nokia5110_Program.o
 .text.enu_DrawPixel
                0x00000650       0xa0 HAL/Nokia5110/Nokia5110_Program.o
 .text.enu_DrawFillRectangle
                0x000006f0       0xce HAL/Nokia5110/Nokia5110_Program.o
 .text.enu_DrawASCII
                0x000007be       0x82 HAL/Nokia5110/Nokia5110_Program.o
 .text.enu_DrawVerticalLine
                0x00000840       0xa6 HAL/Nokia5110/Nokia5110_Program.o
 .text.enu_DrawHorizontalLine
                0x000008e6       0x9e HAL/Nokia5110/Nokia5110_Program.o
 .text.NOKIA5110_enu_Initialization
                0x00000984      0x114 HAL/Nokia5110/Nokia5110_Program.o
                0x00000984                NOKIA5110_enu_Initialization
 .text.NOKIA5110_enu_DrawCharacter
                0x00000a98        0xc HAL/Nokia5110/Nokia5110_Program.o
                0x00000a98                NOKIA5110_enu_DrawCharacter
 .text.NOKIA5110_enu_DrawNumber
                0x00000aa4      0x248 HAL/Nokia5110/Nokia5110_Program.o
                0x00000aa4                NOKIA5110_enu_DrawNumber
 .text.NOKIA5110_enu_DrawVerticalLine
                0x00000cec        0xa HAL/Nokia5110/Nokia5110_Program.o
                0x00000cec                NOKIA5110_enu_DrawVerticalLine
 .text.NOKIA5110_enu_DrawHorizontalLine
                0x00000cf6        0xa HAL/Nokia5110/Nokia5110_Program.o
                0x00000cf6                NOKIA5110_enu_DrawHorizontalLine
 .text.NOKIA5110_enu_DrawString
                0x00000d00       0x40 HAL/Nokia5110/Nokia5110_Program.o
                0x00000d00                NOKIA5110_enu_DrawString
 .text.DIO_enu_SetPinDiretion
                0x00000d40       0xf4 MCAL/DIO/DIO_Program.o
                0x00000d40                DIO_enu_SetPinDiretion
 .text.DIO_enu_SetPinState
                0x00000e34       0xf4 MCAL/DIO/DIO_Program.o
                0x00000e34                DIO_enu_SetPinState
 .text.DIO_enu_SetPinValue
                0x00000f28      0x10c MCAL/DIO/DIO_Program.o
                0x00000f28                DIO_enu_SetPinValue
 .text.__vector_1
                0x00001034       0x5a MCAL/EXTI/EXTI_Program.o
                0x00001034                __vector_1
 .text.__vector_2
                0x0000108e       0x5a MCAL/EXTI/EXTI_Program.o
                0x0000108e                __vector_2
 .text.__vector_3
                0x000010e8       0x56 MCAL/EXTI/EXTI_Program.o
                0x000010e8                __vector_3
 .text.SPI_enu_Initialization
                0x0000113e       0x34 MCAL/SPI/SPI_Program.o
                0x0000113e                SPI_enu_Initialization
 .text.SPI_enu_MasterSend
                0x00001172       0x2c MCAL/SPI/SPI_Program.o
                0x00001172                SPI_enu_MasterSend
 .text.SPI_enu_GetCommState
                0x0000119e       0x14 MCAL/SPI/SPI_Program.o
                0x0000119e                SPI_enu_GetCommState
 .text.__vector_12
                0x000011b2       0x1a MCAL/SPI/SPI_Program.o
                0x000011b2                __vector_12
 .text.SREG_vid_EnableBitI
                0x000011cc        0x4 MCAL/SREG/SREG_Program.o
                0x000011cc                SREG_vid_EnableBitI
 .text.Timer1_enu_Initialization
                0x000011d0       0x34 MCAL/Timer1/Timer1_Program.o
                0x000011d0                Timer1_enu_Initialization
 .text.Timer1_enu_GetICR1
                0x00001204       0x2a MCAL/Timer1/Timer1_Program.o
                0x00001204                Timer1_enu_GetICR1
 .text.Timer1_enu_SetTCNT1
                0x0000122e        0x8 MCAL/Timer1/Timer1_Program.o
                0x0000122e                Timer1_enu_SetTCNT1
 .text.Timer1_enu_SetCallBackFunction
                0x00001236       0x24 MCAL/Timer1/Timer1_Program.o
                0x00001236                Timer1_enu_SetCallBackFunction
 .text.Timer1_enu_DisableInterrupt
                0x0000125a       0x3c MCAL/Timer1/Timer1_Program.o
                0x0000125a                Timer1_enu_DisableInterrupt
 .text.Timer1_enu_EnableInterrupt
                0x00001296       0x3c MCAL/Timer1/Timer1_Program.o
                0x00001296                Timer1_enu_EnableInterrupt
 .text.Timer1_enu_GetPS
                0x000012d2       0x68 MCAL/Timer1/Timer1_Program.o
                0x000012d2                Timer1_enu_GetPS
 .text.Timer1_enu_SetInputCaptureEdge
                0x0000133a       0x20 MCAL/Timer1/Timer1_Program.o
                0x0000133a                Timer1_enu_SetInputCaptureEdge
 .text.Timer1_enu_ClearFlag
                0x0000135a       0x3c MCAL/Timer1/Timer1_Program.o
                0x0000135a                Timer1_enu_ClearFlag
 .text.__vector_6
                0x00001396       0x5a MCAL/Timer1/Timer1_Program.o
                0x00001396                __vector_6
 .text.__vector_7
                0x000013f0       0x5a MCAL/Timer1/Timer1_Program.o
                0x000013f0                __vector_7
 .text.__vector_8
                0x0000144a       0x5a MCAL/Timer1/Timer1_Program.o
                0x0000144a                __vector_8
 .text.__vector_9
                0x000014a4       0x5a MCAL/Timer1/Timer1_Program.o
                0x000014a4                __vector_9
 .text.__vector_4
                0x000014fe       0x18 MCAL/Timer/Timer_Program.o
                0x000014fe                __vector_4
 .text.__vector_5
                0x00001516       0x18 MCAL/Timer/Timer_Program.o
                0x00001516                __vector_5
 .text.__vector_10
                0x0000152e       0x18 MCAL/Timer/Timer_Program.o
                0x0000152e                __vector_10
 .text.__vector_11
                0x00001546       0x5a MCAL/Timer/Timer_Program.o
                0x00001546                __vector_11
 .text.avr-libc.fplib
                0x000015a0        0xe c:/program files (x86)/atmel/studio/7.0/toolchain/avr8/avr8-gnu-toolchain/bin/../lib/gcc/avr/5.4.0/../../../../avr/lib/avr5\libm.a(addsf3.o)
                0x000015a0                __subsf3
                0x000015a2                __addsf3
 .text.avr-libc.fplib
                0x000015ae       0xcc c:/program files (x86)/atmel/studio/7.0/toolchain/avr8/avr8-gnu-toolchain/bin/../lib/gcc/avr/5.4.0/../../../../avr/lib/avr5\libm.a(addsf3x.o)
                0x000015d0                __addsf3x
 .text.avr-libc.fplib
                0x0000167a        0xa c:/program files (x86)/atmel/studio/7.0/toolchain/avr8/avr8-gnu-toolchain/bin/../lib/gcc/avr/5.4.0/../../../../avr/lib/avr5\libm.a(cmpsf2.o)
                0x0000167a                __nesf2
                0x0000167a                __eqsf2
                0x0000167a                __cmpsf2
                0x0000167a                __ltsf2
                0x0000167a                __lesf2
 .text.avr-libc.fplib
                0x00001684        0x8 c:/program files (x86)/atmel/studio/7.0/toolchain/avr8/avr8-gnu-toolchain/bin/../lib/gcc/avr/5.4.0/../../../../avr/lib/avr5\libm.a(divsf3.o)
                0x00001684                __divsf3
 .text.avr-libc.fplib
                0x0000168c       0xdc c:/program files (x86)/atmel/studio/7.0/toolchain/avr8/avr8-gnu-toolchain/bin/../lib/gcc/avr/5.4.0/../../../../avr/lib/avr5\libm.a(divsf3x.o)
                0x000016ac                __divsf3x
                0x000016b2                __divsf3_pse
 .text.avr-libc.fplib
                0x00001768       0x5e c:/program files (x86)/atmel/studio/7.0/toolchain/avr8/avr8-gnu-toolchain/bin/../lib/gcc/avr/5.4.0/../../../../avr/lib/avr5\libm.a(fixunssfsi.o)
                0x00001768                __fixunssfsi
 .text.avr-libc.fplib
                0x000017c6       0x7a c:/program files (x86)/atmel/studio/7.0/toolchain/avr8/avr8-gnu-toolchain/bin/../lib/gcc/avr/5.4.0/../../../../avr/lib/avr5\libm.a(floatsisf.o)
                0x000017c6                __floatunsisf
                0x000017ca                __floatsisf
 .text.avr-libc.fplib
                0x00001840       0x48 c:/program files (x86)/atmel/studio/7.0/toolchain/avr8/avr8-gnu-toolchain/bin/../lib/gcc/avr/5.4.0/../../../../avr/lib/avr5\libm.a(fp_cmp.o)
                0x00001840                __fp_cmp
 .text.avr-libc.fplib
                0x00001888        0xc c:/program files (x86)/atmel/studio/7.0/toolchain/avr8/avr8-gnu-toolchain/bin/../lib/gcc/avr/5.4.0/../../../../avr/lib/avr5\libm.a(fp_inf.o)
                0x00001888                __fp_inf
 .text.avr-libc.fplib
                0x00001894        0x6 c:/program files (x86)/atmel/studio/7.0/toolchain/avr8/avr8-gnu-toolchain/bin/../lib/gcc/avr/5.4.0/../../../../avr/lib/avr5\libm.a(fp_nan.o)
                0x00001894                __fp_nan
 .text.avr-libc.fplib
                0x0000189a        0xe c:/program files (x86)/atmel/studio/7.0/toolchain/avr8/avr8-gnu-toolchain/bin/../lib/gcc/avr/5.4.0/../../../../avr/lib/avr5\libm.a(fp_pscA.o)
                0x0000189a                __fp_pscA
 .text.avr-libc.fplib
                0x000018a8        0xe c:/program files (x86)/atmel/studio/7.0/toolchain/avr8/avr8-gnu-toolchain/bin/../lib/gcc/avr/5.4.0/../../../../avr/lib/avr5\libm.a(fp_pscB.o)
                0x000018a8                __fp_pscB
 .text.avr-libc.fplib
                0x000018b6       0x22 c:/program files (x86)/atmel/studio/7.0/toolchain/avr8/avr8-gnu-toolchain/bin/../lib/gcc/avr/5.4.0/../../../../avr/lib/avr5\libm.a(fp_round.o)
                0x000018b6                __fp_round
 .text.avr-libc.fplib
                0x000018d8       0x44 c:/program files (x86)/atmel/studio/7.0/toolchain/avr8/avr8-gnu-toolchain/bin/../lib/gcc/avr/5.4.0/../../../../avr/lib/avr5\libm.a(fp_split3.o)
                0x000018d8                __fp_split3
                0x000018e8                __fp_splitA
 .text.avr-libc.fplib
                0x0000191c        0xe c:/program files (x86)/atmel/studio/7.0/toolchain/avr8/avr8-gnu-toolchain/bin/../lib/gcc/avr/5.4.0/../../../../avr/lib/avr5\libm.a(fp_zero.o)
                0x0000191c                __fp_zero
                0x0000191e                __fp_szero
 .text.avr-libc.fplib
                0x0000192a        0x8 c:/program files (x86)/atmel/studio/7.0/toolchain/avr8/avr8-gnu-toolchain/bin/../lib/gcc/avr/5.4.0/../../../../avr/lib/avr5\libm.a(mulsf3.o)
                0x0000192a                __mulsf3
 .text.avr-libc.fplib
                0x00001932       0xd2 c:/program files (x86)/atmel/studio/7.0/toolchain/avr8/avr8-gnu-toolchain/bin/../lib/gcc/avr/5.4.0/../../../../avr/lib/avr5\libm.a(mulsf3x.o)
                0x00001950                __mulsf3x
                0x00001956                __mulsf3_pse
 .text.libgcc.div
                0x00001a04       0x44 c:/program files (x86)/atmel/studio/7.0/toolchain/avr8/avr8-gnu-toolchain/bin/../lib/gcc/avr/5.4.0/avr5\libgcc.a(_udivmodsi4.o)
                0x00001a04                __udivmodsi4
 .text.libgcc   0x00001a48        0xc c:/program files (x86)/atmel/studio/7.0/toolchain/avr8/avr8-gnu-toolchain/bin/../lib/gcc/avr/5.4.0/avr5\libgcc.a(_tablejump2.o)
                0x00001a48                __tablejump2__
 .text.libgcc.mul
                0x00001a54       0x16 c:/program files (x86)/atmel/studio/7.0/toolchain/avr8/avr8-gnu-toolchain/bin/../lib/gcc/avr/5.4.0/avr5\libgcc.a(_muluhisi3.o)
                0x00001a54                __muluhisi3
 .text.libgcc.mul
                0x00001a6a       0x1e c:/program files (x86)/atmel/studio/7.0/toolchain/avr8/avr8-gnu-toolchain/bin/../lib/gcc/avr/5.4.0/avr5\libgcc.a(_umulhisi3.o)
                0x00001a6a                __umulhisi3
                0x00001a88                . = ALIGN (0x2)
 *(.fini9)
 .fini9         0x00001a88        0x0 c:/program files (x86)/atmel/studio/7.0/toolchain/avr8/avr8-gnu-toolchain/bin/../lib/gcc/avr/5.4.0/avr5\libgcc.a(_exit.o)
                0x00001a88                _exit
                0x00001a88                exit
 *(.fini9)
 *(.fini8)
 *(.fini8)
 *(.fini7)
 *(.fini7)
 *(.fini6)
 *(.fini6)
 *(.fini5)
 *(.fini5)
 *(.fini4)
 *(.fini4)
 *(.fini3)
 *(.fini3)
 *(.fini2)
 *(.fini2)
 *(.fini1)
 *(.fini1)
 *(.fini0)
 .fini0         0x00001a88        0x4 c:/program files (x86)/atmel/studio/7.0/toolchain/avr8/avr8-gnu-toolchain/bin/../lib/gcc/avr/5.4.0/avr5\libgcc.a(_exit.o)
 *(.fini0)
                0x00001a8c                _etext = .

.data           0x00800060      0x526 load address 0x00001a8c
                0x00800060                PROVIDE (__data_start, .)
 *(.data)
 *(.data*)
 .data.Mod_str_Nokia5110Configurations
                0x00800060        0x9 HAL/Nokia5110/Nokia5110_Config.o
                0x00800060                Mod_str_Nokia5110Configurations
 *(.gnu.linkonce.d*)
 *(.rodata)
 *(.rodata*)
 .rodata.str1.1
                0x00800069       0x1d APP/PWM_Oscilloscope/PWMScope_Program.o
 .rodata.LOC_u8_ASCII
                0x00800086      0x500 HAL/Nokia5110/Nokia5110_Program.o
 *(.gnu.linkonce.r*)
                0x00800586                . = ALIGN (0x2)
                0x00800586                _edata = .
                0x00800586                PROVIDE (__data_end, .)

.bss            0x00800586      0x264
                0x00800586                PROVIDE (__bss_start, .)
 *(.bss)
 *(.bss*)
 .bss.LOC_af32_OldSignalsParameters
                0x00800586        0xc APP/PWM_Oscilloscope/PWMScope_Program.o
 .bss.LOC_af32_SignalsParameters
                0x00800592        0xc APP/PWM_Oscilloscope/PWMScope_Program.o
 .bss.LOC_u16_Timer_PS
                0x0080059e        0x2 HAL/ICU/ICU_Program.o
 .bss.LOC_au32_NumberOfOverflowsArray
                0x008005a0        0xc HAL/ICU/ICU_Program.o
 .bss.LOC_u32_TonCounts
                0x008005ac        0x4 HAL/ICU/ICU_Program.o
 .bss.LOC_u32_PeriodCounts
                0x008005b0        0x4 HAL/ICU/ICU_Program.o
 .bss.LOC_u8_State
                0x008005b4        0x1 HAL/ICU/ICU_Program.o
 .bss.LOC_au8_BufferArray
                0x008005b5      0x1f8 HAL/Nokia5110/Nokia5110_Program.o
 .bss.apvid_ISRParameters
                0x008007ad        0x6 MCAL/EXTI/EXTI_Program.o
 .bss.pfun_ISRPointers
                0x008007b3        0x6 MCAL/EXTI/EXTI_Program.o
 .bss.LOC_u8_SPIState
                0x008007b9        0x1 MCAL/SPI/SPI_Program.o
                0x008007b9                LOC_u8_SPIState
 .bss.LOC_apvid_IntServiceRoutinesParameters
                0x008007ba        0x8 MCAL/Timer1/Timer1_Program.o
 .bss.LOC_apfun_IntServiceRoutinesFunctions
                0x008007c2        0x8 MCAL/Timer1/Timer1_Program.o
 .bss.apvid_ISRParameters
                0x008007ca       0x10 MCAL/Timer/Timer_Program.o
 .bss.apfun_ISRpointers
                0x008007da       0x10 MCAL/Timer/Timer_Program.o
 *(COMMON)
                0x008007ea                PROVIDE (__bss_end, .)
                0x00001a8c                __data_load_start = LOADADDR (.data)
                0x00001fb2                __data_load_end = (__data_load_start + SIZEOF (.data))

.noinit         0x008007ea        0x0
                [!provide]                PROVIDE (__noinit_start, .)
 *(.noinit*)
                [!provide]                PROVIDE (__noinit_end, .)
                0x008007ea                _end = .
                [!provide]                PROVIDE (__heap_start, .)

.eeprom         0x00810000        0x0
 *(.eeprom*)
                0x00810000                __eeprom_end = .

.fuse
 *(.fuse)
 *(.lfuse)
 *(.hfuse)
 *(.efuse)

.lock
 *(.lock*)

.signature
 *(.signature*)

.user_signatures
 *(.user_signatures*)

.stab
 *(.stab)

.stabstr
 *(.stabstr)

.stab.excl
 *(.stab.excl)

.stab.exclstr
 *(.stab.exclstr)

.stab.index
 *(.stab.index)

.stab.indexstr
 *(.stab.indexstr)

.comment        0x00000000       0x30
 *(.comment)
 .comment       0x00000000       0x30 APP/Main.o
                                 0x31 (size before relaxing)
 .comment       0x00000030       0x31 APP/PWM_Oscilloscope/PWMScope_Program.o
 .comment       0x00000030       0x31 HAL/ICU/ICU_Program.o
 .comment       0x00000030       0x31 HAL/Nokia5110/Nokia5110_Config.o
 .comment       0x00000030       0x31 HAL/Nokia5110/Nokia5110_Program.o
 .comment       0x00000030       0x31 MCAL/DIO/DIO_Program.o
 .comment       0x00000030       0x31 MCAL/EXTI/EXTI_Program.o
 .comment       0x00000030       0x31 MCAL/SPI/SPI_Program.o
 .comment       0x00000030       0x31 MCAL/SREG/SREG_Program.o
 .comment       0x00000030       0x31 MCAL/Timer1/Timer1_Program.o
 .comment       0x00000030       0x31 MCAL/Timer/Timer_Program.o

.note.gnu.avr.deviceinfo
                0x00000000       0x3c
 .note.gnu.avr.deviceinfo
                0x00000000       0x3c C:/Program Files (x86)/Atmel/Studio/7.0/Packs/atmel/ATmega_DFP/1.7.374/gcc/dev/atmega32/avr5/crtatmega32.o

.note.gnu.build-id
 *(.note.gnu.build-id)

.debug
 *(.debug)

.line
 *(.line)

.debug_srcinfo
 *(.debug_srcinfo)

.debug_sfnames
 *(.debug_sfnames)

.debug_aranges  0x00000000      0x498
 *(.debug_aranges)
 .debug_aranges
                0x00000000       0x20 APP/Main.o
 .debug_aranges
                0x00000020       0x30 APP/PWM_Oscilloscope/PWMScope_Program.o
 .debug_aranges
                0x00000050       0x48 HAL/ICU/ICU_Program.o
 .debug_aranges
                0x00000098       0x18 HAL/Nokia5110/Nokia5110_Config.o
 .debug_aranges
                0x000000b0      0x140 HAL/Nokia5110/Nokia5110_Program.o
 .debug_aranges
                0x000001f0       0x48 MCAL/DIO/DIO_Program.o
 .debug_aranges
                0x00000238       0x78 MCAL/EXTI/EXTI_Program.o
 .debug_aranges
                0x000002b0       0x60 MCAL/SPI/SPI_Program.o
 .debug_aranges
                0x00000310       0x28 MCAL/SREG/SREG_Program.o
 .debug_aranges
                0x00000338       0x88 MCAL/Timer1/Timer1_Program.o
 .debug_aranges
                0x000003c0       0xd8 MCAL/Timer/Timer_Program.o

.debug_pubnames
 *(.debug_pubnames)

.debug_info     0x00000000     0x4a37
 *(.debug_info .gnu.linkonce.wi.*)
 .debug_info    0x00000000      0x4e6 C:/Program Files (x86)/Atmel/Studio/7.0/Packs/atmel/ATmega_DFP/1.7.374/gcc/dev/atmega32/avr5/crtatmega32.o
 .debug_info    0x000004e6       0xcc APP/Main.o
 .debug_info    0x000005b2      0x3e0 APP/PWM_Oscilloscope/PWMScope_Program.o
 .debug_info    0x00000992      0x4b0 HAL/ICU/ICU_Program.o
 .debug_info    0x00000e42      0x120 HAL/Nokia5110/Nokia5110_Config.o
 .debug_info    0x00000f62     0x20ea HAL/Nokia5110/Nokia5110_Program.o
 .debug_info    0x0000304c      0x293 MCAL/DIO/DIO_Program.o
 .debug_info    0x000032df      0x4d5 MCAL/EXTI/EXTI_Program.o
 .debug_info    0x000037b4      0x371 MCAL/SPI/SPI_Program.o
 .debug_info    0x00003b25       0x56 MCAL/SREG/SREG_Program.o
 .debug_info    0x00003b7b      0x498 MCAL/Timer1/Timer1_Program.o
 .debug_info    0x00004013      0xa24 MCAL/Timer/Timer_Program.o

.debug_abbrev   0x00000000     0x12ef
 *(.debug_abbrev)
 .debug_abbrev  0x00000000      0x4a3 C:/Program Files (x86)/Atmel/Studio/7.0/Packs/atmel/ATmega_DFP/1.7.374/gcc/dev/atmega32/avr5/crtatmega32.o
 .debug_abbrev  0x000004a3       0x63 APP/Main.o
 .debug_abbrev  0x00000506      0x128 APP/PWM_Oscilloscope/PWMScope_Program.o
 .debug_abbrev  0x0000062e      0x185 HAL/ICU/ICU_Program.o
 .debug_abbrev  0x000007b3       0x71 HAL/Nokia5110/Nokia5110_Config.o
 .debug_abbrev  0x00000824      0x343 HAL/Nokia5110/Nokia5110_Program.o
 .debug_abbrev  0x00000b67       0xb4 MCAL/DIO/DIO_Program.o
 .debug_abbrev  0x00000c1b      0x1f0 MCAL/EXTI/EXTI_Program.o
 .debug_abbrev  0x00000e0b      0x13b MCAL/SPI/SPI_Program.o
 .debug_abbrev  0x00000f46       0x2e MCAL/SREG/SREG_Program.o
 .debug_abbrev  0x00000f74      0x14d MCAL/Timer1/Timer1_Program.o
 .debug_abbrev  0x000010c1      0x22e MCAL/Timer/Timer_Program.o

.debug_line     0x00000000     0x30bc
 *(.debug_line .debug_line.* .debug_line_end)
 .debug_line    0x00000000      0x116 C:/Program Files (x86)/Atmel/Studio/7.0/Packs/atmel/ATmega_DFP/1.7.374/gcc/dev/atmega32/avr5/crtatmega32.o
 .debug_line    0x00000116       0x77 APP/Main.o
 .debug_line    0x0000018d      0x219 APP/PWM_Oscilloscope/PWMScope_Program.o
 .debug_line    0x000003a6      0x227 HAL/ICU/ICU_Program.o
 .debug_line    0x000005cd       0x7b HAL/Nokia5110/Nokia5110_Config.o
 .debug_line    0x00000648     0x102c HAL/Nokia5110/Nokia5110_Program.o
 .debug_line    0x00001674      0x395 MCAL/DIO/DIO_Program.o
 .debug_line    0x00001a09      0x447 MCAL/EXTI/EXTI_Program.o
 .debug_line    0x00001e50      0x26e MCAL/SPI/SPI_Program.o
 .debug_line    0x000020be       0x61 MCAL/SREG/SREG_Program.o
 .debug_line    0x0000211f      0x41d MCAL/Timer1/Timer1_Program.o
 .debug_line    0x0000253c      0xb80 MCAL/Timer/Timer_Program.o

.debug_frame    0x00000000      0xde0
 *(.debug_frame)
 .debug_frame   0x00000000       0x24 APP/Main.o
 .debug_frame   0x00000024       0x5c APP/PWM_Oscilloscope/PWMScope_Program.o
 .debug_frame   0x00000080       0xa8 HAL/ICU/ICU_Program.o
 .debug_frame   0x00000128      0x560 HAL/Nokia5110/Nokia5110_Program.o
 .debug_frame   0x00000688       0x74 MCAL/DIO/DIO_Program.o
 .debug_frame   0x000006fc      0x1bc MCAL/EXTI/EXTI_Program.o
 .debug_frame   0x000008b8       0xb0 MCAL/SPI/SPI_Program.o
 .debug_frame   0x00000968       0x34 MCAL/SREG/SREG_Program.o
 .debug_frame   0x0000099c      0x214 MCAL/Timer1/Timer1_Program.o
 .debug_frame   0x00000bb0      0x230 MCAL/Timer/Timer_Program.o

.debug_str      0x00000000     0x1cd9
 *(.debug_str)
 .debug_str     0x00000000      0x196 C:/Program Files (x86)/Atmel/Studio/7.0/Packs/atmel/ATmega_DFP/1.7.374/gcc/dev/atmega32/avr5/crtatmega32.o
 .debug_str     0x00000196      0x1bd APP/Main.o
                                0x1f8 (size before relaxing)
 .debug_str     0x00000353      0x1fd APP/PWM_Oscilloscope/PWMScope_Program.o
                                0x3d5 (size before relaxing)
 .debug_str     0x00000550      0x26f HAL/ICU/ICU_Program.o
                                0x4bb (size before relaxing)
 .debug_str     0x000007bf       0x98 HAL/Nokia5110/Nokia5110_Config.o
                                0x275 (size before relaxing)
 .debug_str     0x00000857      0x926 HAL/Nokia5110/Nokia5110_Program.o
                                0xd4b (size before relaxing)
 .debug_str     0x0000117d       0xc8 MCAL/DIO/DIO_Program.o
                                0x302 (size before relaxing)
 .debug_str     0x00001245      0x1c4 MCAL/EXTI/EXTI_Program.o
                                0x3da (size before relaxing)
 .debug_str     0x00001409      0x1d5 MCAL/SPI/SPI_Program.o
                                0x447 (size before relaxing)
 .debug_str     0x000015de       0x2f MCAL/SREG/SREG_Program.o
                                0x159 (size before relaxing)
 .debug_str     0x0000160d      0x27a MCAL/Timer1/Timer1_Program.o
                                0x570 (size before relaxing)
 .debug_str     0x00001887      0x452 MCAL/Timer/Timer_Program.o
                                0x77a (size before relaxing)

.debug_loc      0x00000000     0x6102
 *(.debug_loc)
 .debug_loc     0x00000000       0x71 APP/PWM_Oscilloscope/PWMScope_Program.o
 .debug_loc     0x00000071      0x137 HAL/ICU/ICU_Program.o
 .debug_loc     0x000001a8     0x31b2 HAL/Nokia5110/Nokia5110_Program.o
 .debug_loc     0x0000335a      0x4f6 MCAL/DIO/DIO_Program.o
 .debug_loc     0x00003850      0x9ea MCAL/EXTI/EXTI_Program.o
 .debug_loc     0x0000423a      0x2ed MCAL/SPI/SPI_Program.o
 .debug_loc     0x00004527      0x84e MCAL/Timer1/Timer1_Program.o
 .debug_loc     0x00004d75     0x138d MCAL/Timer/Timer_Program.o

.debug_macinfo
 *(.debug_macinfo)

.debug_weaknames
 *(.debug_weaknames)

.debug_funcnames
 *(.debug_funcnames)

.debug_typenames
 *(.debug_typenames)

.debug_varnames
 *(.debug_varnames)

.debug_pubtypes
 *(.debug_pubtypes)

.debug_ranges   0x00000000      0x4a8
 *(.debug_ranges)
 .debug_ranges  0x00000000       0x10 APP/Main.o
 .debug_ranges  0x00000010       0x20 APP/PWM_Oscilloscope/PWMScope_Program.o
 .debug_ranges  0x00000030       0x38 HAL/ICU/ICU_Program.o
 .debug_ranges  0x00000068      0x1b8 HAL/Nokia5110/Nokia5110_Program.o
 .debug_ranges  0x00000220       0x38 MCAL/DIO/DIO_Program.o
 .debug_ranges  0x00000258       0x68 MCAL/EXTI/EXTI_Program.o
 .debug_ranges  0x000002c0       0x50 MCAL/SPI/SPI_Program.o
 .debug_ranges  0x00000310       0x18 MCAL/SREG/SREG_Program.o
 .debug_ranges  0x00000328       0x78 MCAL/Timer1/Timer1_Program.o
 .debug_ranges  0x000003a0      0x108 MCAL/Timer/Timer_Program.o

.debug_macro
 *(.debug_macro)
OUTPUT(PWM Oscilloscope.elf elf32-avr)
LOAD linker stubs
